Component: Arm Compiler for Embedded 6.19 Tool: armlink [5e73cb00]

==============================================================================

Section Cross References

    startup_stm32g030xx.o(STACK) refers (Special) to heapauxi.o(.text) for __use_two_region_memory
    startup_stm32g030xx.o(HEAP) refers (Special) to heapauxi.o(.text) for __use_two_region_memory
    startup_stm32g030xx.o(RESET) refers (Special) to heapauxi.o(.text) for __use_two_region_memory
    startup_stm32g030xx.o(RESET) refers to startup_stm32g030xx.o(STACK) for __initial_sp
    startup_stm32g030xx.o(RESET) refers to startup_stm32g030xx.o(.text) for Reset_Handler
    startup_stm32g030xx.o(RESET) refers to stm32g0xx_it.o(.text.NMI_Handler) for NMI_Handler
    startup_stm32g030xx.o(RESET) refers to stm32g0xx_it.o(.text.HardFault_Handler) for HardFault_Handler
    startup_stm32g030xx.o(RESET) refers to stm32g0xx_it.o(.text.SVC_Handler) for SVC_Handler
    startup_stm32g030xx.o(RESET) refers to stm32g0xx_it.o(.text.PendSV_Handler) for PendSV_Handler
    startup_stm32g030xx.o(RESET) refers to stm32g0xx_it.o(.text.SysTick_Handler) for SysTick_Handler
    startup_stm32g030xx.o(RESET) refers to stm32g0xx_it.o(.text.EXTI0_1_IRQHandler) for EXTI0_1_IRQHandler
    startup_stm32g030xx.o(RESET) refers to stm32g0xx_it.o(.text.EXTI4_15_IRQHandler) for EXTI4_15_IRQHandler
    startup_stm32g030xx.o(RESET) refers to stm32g0xx_it.o(.text.TIM1_BRK_UP_TRG_COM_IRQHandler) for TIM1_BRK_UP_TRG_COM_IRQHandler
    startup_stm32g030xx.o(RESET) refers to stm32g0xx_it.o(.text.USART1_IRQHandler) for USART1_IRQHandler
    startup_stm32g030xx.o(.text) refers (Special) to heapauxi.o(.text) for __use_two_region_memory
    startup_stm32g030xx.o(.text) refers to system_stm32g0xx.o(.text.SystemInit) for SystemInit
    startup_stm32g030xx.o(.text) refers to __main.o(!!!main) for __main
    startup_stm32g030xx.o(.text) refers to startup_stm32g030xx.o(HEAP) for Heap_Mem
    startup_stm32g030xx.o(.text) refers to startup_stm32g030xx.o(STACK) for Stack_Mem
    main.o(.text.Response_Input_Data) refers to stm32g0xx_hal_uart.o(.text.HAL_UART_Transmit) for HAL_UART_Transmit
    main.o(.text.Response_Input_Data) refers to main.o(.bss.Value_Res1) for Value_Res1
    main.o(.text.Response_Input_Data) refers to main.o(.bss.arr_frame) for arr_frame
    main.o(.text.Response_Input_Data) refers to main.o(.bss.huart1) for huart1
    main.o(.ARM.exidx.text.Response_Input_Data) refers to main.o(.text.Response_Input_Data) for [Anonymous Symbol]
    main.o(.text.LCD_OFF) refers to stm32g0xx_hal_gpio.o(.text.HAL_GPIO_Init) for HAL_GPIO_Init
    main.o(.ARM.exidx.text.LCD_OFF) refers to main.o(.text.LCD_OFF) for [Anonymous Symbol]
    main.o(.text.LCD_ON) refers to stm32g0xx_hal_gpio.o(.text.HAL_GPIO_Init) for HAL_GPIO_Init
    main.o(.ARM.exidx.text.LCD_ON) refers to main.o(.text.LCD_ON) for [Anonymous Symbol]
    main.o(.text.HAL_TIM_PeriodElapsedCallback) refers to stm32g0xx_hal_gpio.o(.text.HAL_GPIO_ReadPin) for HAL_GPIO_ReadPin
    main.o(.text.HAL_TIM_PeriodElapsedCallback) refers to menu.o(.text.Change_Value_Conditions_Up_Key) for Change_Value_Conditions_Up_Key
    main.o(.text.HAL_TIM_PeriodElapsedCallback) refers to stm32g0xx_hal_uart.o(.text.HAL_UART_Transmit) for HAL_UART_Transmit
    main.o(.text.HAL_TIM_PeriodElapsedCallback) refers to stm32g0xx_hal_gpio.o(.text.HAL_GPIO_WritePin) for HAL_GPIO_WritePin
    main.o(.text.HAL_TIM_PeriodElapsedCallback) refers to menu.o(.text.Change_Value_Conditions_Down_Key) for Change_Value_Conditions_Down_Key
    main.o(.text.HAL_TIM_PeriodElapsedCallback) refers to main.o(.bss.Counter_Toggle_Sevensegment) for Counter_Toggle_Sevensegment
    main.o(.text.HAL_TIM_PeriodElapsedCallback) refers to main.o(.bss.Toggle_Sevensegment) for Toggle_Sevensegment
    main.o(.text.HAL_TIM_PeriodElapsedCallback) refers to main.o(.bss.htim14) for htim14
    main.o(.text.HAL_TIM_PeriodElapsedCallback) refers to main.o(.bss.htim1) for htim1
    main.o(.text.HAL_TIM_PeriodElapsedCallback) refers to main.o(.bss.Counter_Change_Value) for Counter_Change_Value
    main.o(.text.HAL_TIM_PeriodElapsedCallback) refers to main.o(.bss.Step_Speed) for Step_Speed
    main.o(.text.HAL_TIM_PeriodElapsedCallback) refers to main.o(.data.Lock_Counter_Key) for Lock_Counter_Key
    main.o(.text.HAL_TIM_PeriodElapsedCallback) refers to main.o(.bss.Counter_Key_Hold) for Counter_Key_Hold
    main.o(.text.HAL_TIM_PeriodElapsedCallback) refers to menu.o(.bss.Value) for Value
    main.o(.text.HAL_TIM_PeriodElapsedCallback) refers to main.o(.bss.PM_Menu) for PM_Menu
    main.o(.text.HAL_TIM_PeriodElapsedCallback) refers to main.o(.bss.Counter_Time_Screen_Saver) for Counter_Time_Screen_Saver
    main.o(.text.HAL_TIM_PeriodElapsedCallback) refers to main.o(.bss.Counter_ESC_Key) for Counter_ESC_Key
    main.o(.text.HAL_TIM_PeriodElapsedCallback) refers to main.o(.bss.Counter_Lock_Pass) for Counter_Lock_Pass
[...]
    SVC_Handler                              0x080049e5   Thumb Code     2  stm32g0xx_it.o(.text.SVC_Handler)
    Save_Changes                             0x080049e9   Thumb Code  3804  menu.o(.text.Save_Changes)
    Setup_Flash                              0x08005945   Thumb Code   332  store_flash.o(.text.Setup_Flash)
    Storage_Data_On_Mainboard                0x08005a99   Thumb Code   236  menu.o(.text.Storage_Data_On_Mainboard)
    SysTick_Handler                          0x08005bc1   Thumb Code     8  stm32g0xx_it.o(.text.SysTick_Handler)
    SystemInit                               0x08005bc9   Thumb Code     2  system_stm32g0xx.o(.text.SystemInit)
    TIM1_BRK_UP_TRG_COM_IRQHandler           0x08005bcd   Thumb Code    12  stm32g0xx_it.o(.text.TIM1_BRK_UP_TRG_COM_IRQHandler)
    UART_AdvFeatureConfig                    0x08005bdd   Thumb Code   210  stm32g0xx_hal_uart.o(.text.UART_AdvFeatureConfig)
    UART_CheckIdleState                      0x08005cb1   Thumb Code   184  stm32g0xx_hal_uart.o(.text.UART_CheckIdleState)
    UART_SetConfig                           0x0800629d   Thumb Code   312  stm32g0xx_hal_uart.o(.text.UART_SetConfig)
    UART_Start_Receive_IT                    0x08006409   Thumb Code   288  stm32g0xx_hal_uart.o(.text.UART_Start_Receive_IT)
    UART_WaitOnFlagUntilTimeout              0x0800653d   Thumb Code   344  stm32g0xx_hal_uart.o(.text.UART_WaitOnFlagUntilTimeout)
    USART1_IRQHandler                        0x08006699   Thumb Code    12  stm32g0xx_it.o(.text.USART1_IRQHandler)
    change_Mode_Manual_In_Sub_Page2          0x080066a5   Thumb Code   656  menu.o(.text.change_Mode_Manual_In_Sub_Page2)
    change_Param_ADV1                        0x080069a5   Thumb Code   280  menu.o(.text.change_Param_ADV1)
    change_Param_ADV2                        0x08006b1d   Thumb Code   416  menu.o(.text.change_Param_ADV2)
    incriment_array                          0x08006d59   Thumb Code    92  store_flash.o(.text.incriment_array)
    main                                     0x08006db5   Thumb Code  2736  main.o(.text.main)
    readFlash                                0x08007949   Thumb Code     4  store_flash.o(.text.readFlash)
    writeFlash                               0x0800794d   Thumb Code    72  store_flash.o(.text.writeFlash)
    __aeabi_uidiv                            0x08007995   Thumb Code    68  aeabi_sdivfast.o(.text_divfast)
    __aeabi_idiv                             0x080079d9   Thumb Code   434  aeabi_sdivfast.o(.text_divfast)
    AHBPrescTable                            0x08007b8c   Data          64  system_stm32g0xx.o(.rodata.AHBPrescTable)
    APBPrescTable                            0x08007bcc   Data          32  system_stm32g0xx.o(.rodata.APBPrescTable)
    UARTPrescTable                           0x08007bec   Data          24  stm32g0xx_hal_uart.o(.rodata.UARTPrescTable)
    Region$$Table$$Base                      0x08007d28   Number         0  anon$$obj.o(Region$$Table)
    Region$$Table$$Limit                     0x08007d48   Number         0  anon$$obj.o(Region$$Table)
    Auto                                     0x20000000   Data          16  menu.o(.data.Auto)
    Byte_1_CD_Mode                           0x20000010   Data           1  main.o(.data.Byte_1_CD_Mode)
    Byte_1_Device_Mode                       0x20000011   Data           1  store_flash.o(.data.Byte_1_Device_Mode)
    Byte_1_END_Frame                         0x20000012   Data           1  main.o(.data.Byte_1_END_Frame)
    Byte_1_Manual_Mode                       0x20000013   Data           1  main.o(.data.Byte_1_Manual_Mode)
    Byte_1_Normal_Mode                       0x20000014   Data           1  main.o(.data.Byte_1_Normal_Mode)
    Byte_1_OD_Mode                           0x20000015   Data           1  main.o(.data.Byte_1_OD_Mode)
    Byte_1_Read_Frame                        0x20000016   Data           1  main.o(.data.Byte_1_Read_Frame)
    Byte_1_Start_Frame                       0x20000017   Data           1  main.o(.data.Byte_1_Start_Frame)
    Byte_1_Tune_Mode                         0x20000018   Data           1  main.o(.data.Byte_1_Tune_Mode)
    Byte_1_Write_Frame                       0x20000019   Data           1  main.o(.data.Byte_1_Write_Frame)
    Byte_2_END_Frame                         0x2000001a   Data           1  main.o(.data.Byte_2_END_Frame)
    Byte_2_Start_Frame                       0x2000001b   Data           1  main.o(.data.Byte_2_Start_Frame)
    CCM                                      0x2000001c   Data          16  menu.o(.data.CCM)
    CCMO                                     0x2000002c   Data          16  menu.o(.data.CCMO)
    CL                                       0x2000003c   Data          16  menu.o(.data.CL)
    Close_Accel_C                            0x2000004c   Data           6  store_flash.o(.data.Close_Accel_C)
    Close_Accel_D                            0x20000052   Data           6  store_flash.o(.data.Close_Accel_D)
    Close_Accel_H                            0x20000058   Data           6  store_flash.o(.data.Close_Accel_H)
    Close_Accel_O                            0x2000005e   Data           6  store_flash.o(.data.Close_Accel_O)
    Close_Current_C                          0x20000064   Data           6  store_flash.o(.data.Close_Current_C)
    Close_Current_D                          0x2000006a   Data           6  store_flash.o(.data.Close_Current_D)
    Close_Current_H                          0x20000070   Data           6  store_flash.o(.data.Close_Current_H)
    Close_Current_O                          0x20000076   Data           6  store_flash.o(.data.Close_Current_O)
    Close_Position_C                         0x2000007c   Data           6  store_flash.o(.data.Close_Position_C)
    Close_Position_D                         0x20000082   Data           6  store_flash.o(.data.Close_Position_D)
    Close_Position_H                         0x20000088   Data           6  store_flash.o(.data.Close_Position_H)
    Close_Position_O                         0x2000008e   Data           6  store_flash.o(.data.Close_Position_O)
    Close_Speed_C                            0x20000094   Data           6  store_flash.o(.data.Close_Speed_C)
    Close_Speed_D                            0x2000009a   Data           6  store_flash.o(.data.Close_Speed_D)
    Close_Speed_H                            0x200000a0   Data           6  store_flash.o(.data.Close_Speed_H)
    Close_Speed_O                            0x200000a6   Data           6  store_flash.o(.data.Close_Speed_O)
    Closing_Destination_O                    0x200000ac   Data           1  store_flash.o(.data.Closing_Destination_O)
    Counter_Reset_system                     0x200000ad   Data           1  main.o(.data.Counter_Reset_system)
    Device_Mode_C                            0x200000ae   Data           1  store_flash.o(.data.Device_Mode_C)
    Device_Mode_H                            0x200000af   Data           1  store_flash.o(.data.Device_Mode_H)
    Device_Mode_O                            0x200000b0   Data           1  store_flash.o(.data.Device_Mode_O)
    Disable                                  0x200000b1   Data          16  menu.o(.data.Disable)
    Enable                                   0x200000c1   Data          16  menu.o(.data.Enable)
    KP_Detection_Time_C                      0x200000d1   Data           1  store_flash.o(.data.KP_Detection_Time_C)
    KP_Detection_Time_D                      0x200000d2   Data           1  store_flash.o(.data.KP_Detection_Time_D)
    KP_Detection_Time_H                      0x200000d3   Data           1  store_flash.o(.data.KP_Detection_Time_H)
    KP_Detection_Time_O                      0x200000d4   Data           1  store_flash.o(.data.KP_Detection_Time_O)
    KP_Speed_Constant_C                      0x200000d5   Data           1  store_flash.o(.data.KP_Speed_Constant_C)
    KP_Speed_Constant_D                      0x200000d6   Data           1  store_flash.o(.data.KP_Speed_Constant_D)
    KP_Speed_Constant_H                      0x200000d7   Data           1  store_flash.o(.data.KP_Speed_Constant_H)
    KP_Speed_Constant_O                      0x200000d8   Data           1  store_flash.o(.data.KP_Speed_Constant_O)
    Learnig_Speed_C                          0x200000d9   Data           1  store_flash.o(.data.Learnig_Speed_C)
    Learnig_Speed_D                          0x200000da   Data           1  store_flash.o(.data.Learnig_Speed_D)
    Learnig_Speed_H                          0x200000db   Data           1  store_flash.o(.data.Learnig_Speed_H)
    Learnig_Speed_O                          0x200000dc   Data           1  store_flash.o(.data.Learnig_Speed_O)
    Left                                     0x200000dd   Data          16  menu.o(.data.Left)
    Lock_Counter_Key                         0x200000ed   Data           1  main.o(.data.Lock_Counter_Key)
    Motor_Nominal_Current_C                  0x200000ee   Data           1  store_flash.o(.data.Motor_Nominal_Current_C)
    Motor_Nominal_Current_D                  0x200000ef   Data           1  store_flash.o(.data.Motor_Nominal_Current_D)
    Motor_Nominal_Current_H                  0x200000f0   Data           1  store_flash.o(.data.Motor_Nominal_Current_H)
    Motor_Nominal_Current_O                  0x200000f1   Data           1  store_flash.o(.data.Motor_Nominal_Current_O)
    Motor_Nominal_Speed_C                    0x200000f2   Data           1  store_flash.o(.data.Motor_Nominal_Speed_C)
    Motor_Nominal_Speed_D                    0x200000f3   Data           1  store_flash.o(.data.Motor_Nominal_Speed_D)
    Motor_Nominal_Speed_H                    0x200000f4   Data           1  store_flash.o(.data.Motor_Nominal_Speed_H)
    Motor_Nominal_Speed_O                    0x200000f5   Data           1  store_flash.o(.data.Motor_Nominal_Speed_O)
    Motor_Nominal_Voltage_C                  0x200000f6   Data           1  store_flash.o(.data.Motor_Nominal_Voltage_C)
    Motor_Nominal_Voltage_D                  0x200000f7   Data           1  store_flash.o(.data.Motor_Nominal_Voltage_D)
    Motor_Nominal_Voltage_H                  0x200000f8   Data           1  store_flash.o(.data.Motor_Nominal_Voltage_H)
    Motor_Nominal_Voltage_O                  0x200000f9   Data           1  store_flash.o(.data.Motor_Nominal_Voltage_O)
    Motor_Pole_Number_C                      0x200000fa   Data           1  store_flash.o(.data.Motor_Pole_Number_C)
    Motor_Pole_Number_D                      0x200000fb   Data           1  store_flash.o(.data.Motor_Pole_Number_D)
    Motor_Pole_Number_H                      0x200000fc   Data           1  store_flash.o(.data.Motor_Pole_Number_H)
    Motor_Pole_Number_O                      0x200000fd   Data           1  store_flash.o(.data.Motor_Pole_Number_O)
    Normal_Jerk_C                            0x200000fe   Data           1  store_flash.o(.data.Normal_Jerk_C)
    Normal_Jerk_D                            0x200000ff   Data           1  store_flash.o(.data.Normal_Jerk_D)
    Normal_Jerk_H                            0x20000100   Data           1  store_flash.o(.data.Normal_Jerk_H)
    Normal_Jerk_O                            0x20000101   Data           1  store_flash.o(.data.Normal_Jerk_O)
    Number_OF_Settings                       0x20000102   Data           1  menu.o(.data.Number_OF_Settings)
    OP                                       0x20000104   Data          16  menu.o(.data.OP)
    Obstacle_KP_C                            0x20000114   Data           1  store_flash.o(.data.Obstacle_KP_C)
    Obstacle_KP_D                            0x20000115   Data           1  store_flash.o(.data.Obstacle_KP_D)
    Obstacle_KP_H                            0x20000116   Data           1  store_flash.o(.data.Obstacle_KP_H)
    Obstacle_KP_O                            0x20000117   Data           1  store_flash.o(.data.Obstacle_KP_O)
    Office_Flash_Array                       0x20000118   Data         255  main.o(.data.Office_Flash_Array)
    Open_Accel_C                             0x20000218   Data           6  store_flash.o(.data.Open_Accel_C)
    Open_Accel_D                             0x20000220   Data           6  store_flash.o(.data.Open_Accel_D)
    Open_Accel_H                             0x20000228   Data           6  store_flash.o(.data.Open_Accel_H)
    Open_Accel_O                             0x20000230   Data           6  store_flash.o(.data.Open_Accel_O)
    Open_Current_C                           0x20000236   Data           6  store_flash.o(.data.Open_Current_C)
    Open_Current_D                           0x2000023c   Data           6  store_flash.o(.data.Open_Current_D)
    Open_Current_H                           0x20000242   Data           6  store_flash.o(.data.Open_Current_H)
    Open_Current_O                           0x20000248   Data           6  store_flash.o(.data.Open_Current_O)
    Open_Position_C                          0x2000024e   Data           6  store_flash.o(.data.Open_Position_C)
    Open_Position_D                          0x20000254   Data           6  store_flash.o(.data.Open_Position_D)
    Open_Position_H                          0x2000025a   Data           6  store_flash.o(.data.Open_Position_H)
    Open_Position_O                          0x20000260   Data           6  store_flash.o(.data.Open_Position_O)
    Open_Speed_C                             0x20000266   Data           6  store_flash.o(.data.Open_Speed_C)
    Open_Speed_D                             0x2000026c   Data           6  store_flash.o(.data.Open_Speed_D)
    Open_Speed_H                             0x20000272   Data           6  store_flash.o(.data.Open_Speed_H)
    Open_Speed_O                             0x20000278   Data           6  store_flash.o(.data.Open_Speed_O)
    Opening_Destination_O                    0x2000027e   Data           1  store_flash.o(.data.Opening_Destination_O)
    Over_Heat_Limit_C                        0x2000027f   Data           1  store_flash.o(.data.Over_Heat_Limit_C)
    Over_Heat_Limit_D                        0x20000280   Data           1  store_flash.o(.data.Over_Heat_Limit_D)
    Over_Heat_Limit_H                        0x20000281   Data           1  store_flash.o(.data.Over_Heat_Limit_H)
    Over_Heat_Limit_O                        0x20000282   Data           1  store_flash.o(.data.Over_Heat_Limit_O)
    Over_Load_Limit_C                        0x20000283   Data           1  store_flash.o(.data.Over_Load_Limit_C)
    Over_Load_Limit_D                        0x20000284   Data           1  store_flash.o(.data.Over_Load_Limit_D)
    Over_Load_Limit_H                        0x20000285   Data           1  store_flash.o(.data.Over_Load_Limit_H)
    Over_Load_Limit_O                        0x20000286   Data           1  store_flash.o(.data.Over_Load_Limit_O)
    Over_Load_Time_C                         0x20000287   Data           1  store_flash.o(.data.Over_Load_Time_C)
    Over_Load_Time_D                         0x20000288   Data           1  store_flash.o(.data.Over_Load_Time_D)
    Over_Load_Time_H                         0x20000289   Data           1  store_flash.o(.data.Over_Load_Time_H)
    Over_Load_Time_O                         0x2000028a   Data           1  store_flash.o(.data.Over_Load_Time_O)
    Res_1                                    0x2000028b   Data          16  menu.o(.data.Res_1)
    Res_10                                   0x2000029b   Data          16  menu.o(.data.Res_10)
    Res_11                                   0x200002ab   Data          16  menu.o(.data.Res_11)
    Res_17                                   0x200002bc   Data          16  menu.o(.data.Res_17)
    Res_18                                   0x200002cc   Data          16  menu.o(.data.Res_18)
    Res_19                                   0x200002dc   Data          16  menu.o(.data.Res_19)
    Res_2                                    0x200002ec   Data          16  menu.o(.data.Res_2)
    Res_20                                   0x200002fc   Data          16  menu.o(.data.Res_20)
    Res_21                                   0x2000030c   Data          16  menu.o(.data.Res_21)
    Res_22                                   0x2000031c   Data          16  menu.o(.data.Res_22)
    Res_23                                   0x2000032c   Data          16  menu.o(.data.Res_23)
    Res_24                                   0x2000033c   Data          16  menu.o(.data.Res_24)
    Res_25                                   0x2000034c   Data          16  menu.o(.data.Res_25)
    Res_26                                   0x2000035c   Data          16  menu.o(.data.Res_26)
    Res_27                                   0x2000036c   Data          16  menu.o(.data.Res_27)
    Res_28                                   0x2000037c   Data          16  menu.o(.data.Res_28)
    Res_29                                   0x2000038c   Data          16  menu.o(.data.Res_29)
    Res_3                                    0x2000039c   Data          16  menu.o(.data.Res_3)
    Res_30                                   0x200003ac   Data          16  menu.o(.data.Res_30)
    Res_37                                   0x200003bc   Data          16  menu.o(.data.Res_37)
    Res_38                                   0x200003cc   Data          16  menu.o(.data.Res_38)
    Res_39                                   0x200003dc   Data          16  menu.o(.data.Res_39)
    Res_4                                    0x200003ec   Data          16  menu.o(.data.Res_4)
    Res_40                                   0x200003fc   Data          16  menu.o(.data.Res_40)
    Res_41                                   0x2000040c   Data          16  menu.o(.data.Res_41)
    Res_42                                   0x2000041c   Data          16  menu.o(.data.Res_42)
    Res_43                                   0x2000042c   Data          16  menu.o(.data.Res_43)
    Res_44                                   0x2000043c   Data          16  menu.o(.data.Res_44)
    Res_45                                   0x2000044c   Data          16  menu.o(.data.Res_45)
    Res_46                                   0x2000045c   Data          16  menu.o(.data.Res_46)
    Res_47                                   0x2000046c   Data          16  menu.o(.data.Res_47)
    Res_48                                   0x2000047c   Data          16  menu.o(.data.Res_48)
    Res_49                                   0x2000048c   Data          16  menu.o(.data.Res_49)
    Res_5                                    0x2000049c   Data          16  menu.o(.data.Res_5)
    Res_50                                   0x200004ac   Data          16  menu.o(.data.Res_50)
    Res_51                                   0x200004bc   Data          16  menu.o(.data.Res_51)
    Res_52                                   0x200004cc   Data          16  menu.o(.data.Res_52)
    Res_53                                   0x200004dc   Data          16  menu.o(.data.Res_53)
    Res_54                                   0x200004ec   Data          16  menu.o(.data.Res_54)
    Res_55                                   0x200004fc   Data          16  menu.o(.data.Res_55)
    Res_56                                   0x2000050c   Data          16  menu.o(.data.Res_56)
    Res_57                                   0x2000051c   Data          16  menu.o(.data.Res_57)
    Res_58                                   0x2000052c   Data          16  menu.o(.data.Res_58)
    Res_6                                    0x2000053c   Data          16  menu.o(.data.Res_6)
    Res_7                                    0x2000054c   Data          16  menu.o(.data.Res_7)
    Res_8                                    0x2000055c   Data          16  menu.o(.data.Res_8)
    Res_9                                    0x2000056c   Data          16  menu.o(.data.Res_9)
    Res_Mod_1                                0x2000057c   Data          16  menu.o(.data.Res_Mod_1)
    Res_Mod_2                                0x2000058c   Data          16  menu.o(.data.Res_Mod_2)
    Res_Mod_3                                0x2000059c   Data          16  menu.o(.data.Res_Mod_3)
    Right                                    0x200005ac   Data          16  menu.o(.data.Right)
    Save_Notic                               0x200005bc   Data          16  menu.o(.data.Save_Notic)
    Stop_Accel_C                             0x200005cc   Data           6  store_flash.o(.data.Stop_Accel_C)
    Stop_Accel_D                             0x200005d2   Data           6  store_flash.o(.data.Stop_Accel_D)
    Stop_Accel_H                             0x200005d8   Data           6  store_flash.o(.data.Stop_Accel_H)
    Stop_Accel_O                             0x200005de   Data           6  store_flash.o(.data.Stop_Accel_O)
    Stop_Current_C                           0x200005e4   Data           6  store_flash.o(.data.Stop_Current_C)
    Stop_Current_D                           0x200005ea   Data           6  store_flash.o(.data.Stop_Current_D)
    Stop_Current_H                           0x200005f0   Data           6  store_flash.o(.data.Stop_Current_H)
    Stop_Current_O                           0x200005f6   Data           6  store_flash.o(.data.Stop_Current_O)
    Stop_Jerk_C                              0x200005fc   Data           1  store_flash.o(.data.Stop_Jerk_C)
    Stop_Jerk_D                              0x200005fd   Data           1  store_flash.o(.data.Stop_Jerk_D)
    Stop_Jerk_H                              0x200005fe   Data           1  store_flash.o(.data.Stop_Jerk_H)
    Stop_Jerk_O                              0x200005ff   Data           1  store_flash.o(.data.Stop_Jerk_O)
    Stop_Position_C                          0x20000600   Data           6  store_flash.o(.data.Stop_Position_C)
    Stop_Position_D                          0x20000606   Data           6  store_flash.o(.data.Stop_Position_D)
    Stop_Position_H                          0x2000060c   Data           6  store_flash.o(.data.Stop_Position_H)
    Stop_Position_O                          0x20000612   Data           6  store_flash.o(.data.Stop_Position_O)
    SystemCoreClock                          0x20000618   Data           4  system_stm32g0xx.o(.data.SystemCoreClock)
    addr                                     0x2000061c   Data           4  main.o(.data.addr)
    uwTickFreq                               0x20000620   Data           1  stm32g0xx_hal.o(.data.uwTickFreq)
    uwTickPrio                               0x20000624   Data           4  stm32g0xx_hal.o(.data.uwTickPrio)
    __libspace_start                         0x20000628   Data          96  libspace.o(.bss)
    ADV1_NUM_Param                           0x20000688   Data           1  menu.o(.bss.ADV1_NUM_Param)
    __temporary_stack_top$libspace           0x20000688   Data           0  libspace.o(.bss)
    ADV2_NUM_Param                           0x20000689   Data           1  menu.o(.bss.ADV2_NUM_Param)
    Address_Value                            0x2000068a   Data           1  menu.o(.bss.Address_Value)
    Array_Flash_Counter                      0x2000068b   Data           1  main.o(.bss.Array_Flash_Counter)
    Buzzer_Activation_C                      0x2000068c   Data           1  store_flash.o(.bss.Buzzer_Activation_C)
    Buzzer_Activation_D                      0x2000068d   Data           1  store_flash.o(.bss.Buzzer_Activation_D)
    Buzzer_Activation_H                      0x2000068e   Data           1  store_flash.o(.bss.Buzzer_Activation_H)
    Buzzer_Activation_O                      0x2000068f   Data           1  store_flash.o(.bss.Buzzer_Activation_O)
    CRC_Value                                0x20000690   Data           1  main.o(.bss.CRC_Value)
    Change_Mode_Flag                         0x20000691   Data           1  menu.o(.bss.Change_Mode_Flag)
    Change_State_LCD                         0x20000692   Data           1  main.o(.bss.Change_State_LCD)
    Change_State_Manual                      0x20000693   Data           1  menu.o(.bss.Change_State_Manual)
    Closing_Destination_C                    0x20000694   Data           1  store_flash.o(.bss.Closing_Destination_C)
    Closing_Destination_D                    0x20000695   Data           1  store_flash.o(.bss.Closing_Destination_D)
    Closing_Destination_H                    0x20000696   Data           1  store_flash.o(.bss.Closing_Destination_H)
    Command_Source_Mode_D                    0x20000697   Data           1  store_flash.o(.bss.Command_Source_Mode_D)
    Commercial_Flash_Array                   0x20000698   Data         255  main.o(.bss.Commercial_Flash_Array)
    Conter_Backlight                         0x20000797   Data           1  main.o(.bss.Conter_Backlight)
    Counter_Back_to_Norm                     0x20000798   Data           1  main.o(.bss.Counter_Back_to_Norm)
    Counter_Change_Value                     0x20000799   Data           1  main.o(.bss.Counter_Change_Value)
    Counter_Devide_10                        0x2000079a   Data           1  main.o(.bss.Counter_Devide_10)
    Counter_Down_Key                         0x2000079c   Data           4  main.o(.bss.Counter_Down_Key)
    Counter_ENT_Key                          0x200007a0   Data           4  main.o(.bss.Counter_ENT_Key)
    Counter_ESC_Key                          0x200007a4   Data           1  main.o(.bss.Counter_ESC_Key)
    Counter_Key_Hold                         0x200007a5   Data           1  main.o(.bss.Counter_Key_Hold)
    Counter_Lock_Pass                        0x200007a6   Data           1  main.o(.bss.Counter_Lock_Pass)
    Counter_Time_Screen_Saver                0x200007a7   Data           1  main.o(.bss.Counter_Time_Screen_Saver)
    Counter_Toggle_Sevensegment              0x200007a8   Data           1  main.o(.bss.Counter_Toggle_Sevensegment)
    Counter_UP_Key                           0x200007a9   Data           1  main.o(.bss.Counter_UP_Key)
    Counter_Wating                           0x200007aa   Data           1  main.o(.bss.Counter_Wating)
    Default_Flash_Array                      0x200007ab   Data         255  store_flash.o(.bss.Default_Flash_Array)
    Demo_C                                   0x200008aa   Data           1  store_flash.o(.bss.Demo_C)
    Demo_D                                   0x200008ab   Data           1  store_flash.o(.bss.Demo_D)
    Demo_H                                   0x200008ac   Data           1  store_flash.o(.bss.Demo_H)
    Demo_O                                   0x200008ad   Data           1  store_flash.o(.bss.Demo_O)
    Device_Mode_D                            0x200008ae   Data           1  store_flash.o(.bss.Device_Mode_D)
    Door_Direction_D                         0x200008af   Data           1  store_flash.o(.bss.Door_Direction_D)
    End_Page                                 0x200008b0   Data           1  menu.o(.bss.End_Page)
    Fault_Vector                             0x200008b4   Data           4  main.o(.bss.Fault_Vector)
    Flag_ADV1                                0x200008b8   Data           1  menu.o(.bss.Flag_ADV1)
    Flag_ADV2                                0x200008b9   Data           1  menu.o(.bss.Flag_ADV2)
    Flag_Buzzer_Menu                         0x200008ba   Data           1  menu.o(.bss.Flag_Buzzer_Menu)
    Flag_Command_Source_Menu                 0x200008bb   Data           1  menu.o(.bss.Flag_Command_Source_Menu)
    Flag_Demo                                0x200008bc   Data           1  menu.o(.bss.Flag_Demo)
    Flag_Door_Direction_Menu                 0x200008bd   Data           1  menu.o(.bss.Flag_Door_Direction_Menu)
    Flag_KP_Detection_Time_Menu              0x200008be   Data           1  menu.o(.bss.Flag_KP_Detection_Time_Menu)
    Flag_Lock_Pass_Show                      0x200008bf   Data           1  main.o(.bss.Flag_Lock_Pass_Show)
    Flag_Motor_Nominal_Current_Menu          0x200008c0   Data           1  menu.o(.bss.Flag_Motor_Nominal_Current_Menu)
    Flag_Motor_Nominal_Speed_Menu            0x200008c1   Data           1  menu.o(.bss.Flag_Motor_Nominal_Speed_Menu)
    Flag_Motor_Nominal_Voltage_Menu          0x200008c2   Data           1  menu.o(.bss.Flag_Motor_Nominal_Voltage_Menu)
    Flag_Motor_Pole_Number_Menu              0x200008c3   Data           1  menu.o(.bss.Flag_Motor_Pole_Number_Menu)
    Flag_Repeat_Off                          0x200008c4   Data           1  main.o(.bss.Flag_Repeat_Off)
    Flag_Screen_Saver                        0x200008c5   Data           1  main.o(.bss.Flag_Screen_Saver)
    Flag_System_Waitng                       0x200008c6   Data           1  main.o(.bss.Flag_System_Waitng)
    Flag_Tune_Mode_Menu                      0x200008c7   Data           1  menu.o(.bss.Flag_Tune_Mode_Menu)
    Household_Flash_Array                    0x200008c8   Data         255  main.o(.bss.Household_Flash_Array)
    ID_RES10_SAVE_PERMISSION                 0x200009c7   Data           1  menu.o(.bss.ID_RES10_SAVE_PERMISSION)
    ID_RES11_SAVE_PERMISSION                 0x200009c8   Data           1  menu.o(.bss.ID_RES11_SAVE_PERMISSION)
    ID_RES1_SAVE_PERMISSION                  0x200009c9   Data           1  menu.o(.bss.ID_RES1_SAVE_PERMISSION)
    ID_RES2_SAVE_PERMISSION                  0x200009ca   Data           1  menu.o(.bss.ID_RES2_SAVE_PERMISSION)
    ID_RES3_SAVE_PERMISSION                  0x200009cb   Data           1  menu.o(.bss.ID_RES3_SAVE_PERMISSION)
    ID_RES4_SAVE_PERMISSION                  0x200009cc   Data           1  menu.o(.bss.ID_RES4_SAVE_PERMISSION)
    ID_RES5_SAVE_PERMISSION                  0x200009cd   Data           1  menu.o(.bss.ID_RES5_SAVE_PERMISSION)
    ID_RES6_SAVE_PERMISSION                  0x200009ce   Data           1  menu.o(.bss.ID_RES6_SAVE_PERMISSION)
    ID_RES7_SAVE_PERMISSION                  0x200009cf   Data           1  menu.o(.bss.ID_RES7_SAVE_PERMISSION)
    ID_RES8_SAVE_PERMISSION                  0x200009d0   Data           1  menu.o(.bss.ID_RES8_SAVE_PERMISSION)
    ID_RES9_SAVE_PERMISSION                  0x200009d1   Data           1  menu.o(.bss.ID_RES9_SAVE_PERMISSION)
    Lock_LCD                                 0x200009d5   Data           1  main.o(.bss.Lock_LCD)
    Lock_System                              0x200009d6   Data           1  main.o(.bss.Lock_System)
    Manual_mode                              0x200009d7   Data           1  main.o(.bss.Manual_mode)
    Menu_Down                                0x200009d8   Data           1  main.o(.bss.Menu_Down)
    Menu_ENT                                 0x200009d9   Data           1  main.o(.bss.Menu_ENT)
    Menu_ESC                                 0x200009da   Data           1  main.o(.bss.Menu_ESC)
    Menu_Reset                               0x200009db   Data           1  main.o(.bss.Menu_Reset)
    Menu_Up                                  0x200009dc   Data           1  main.o(.bss.Menu_Up)
    Number_Repeat_Serial                     0x200009dd   Data           1  main.o(.bss.Number_Repeat_Serial)
    Opening_Destination_C                    0x200009de   Data           1  store_flash.o(.bss.Opening_Destination_C)
    Opening_Destination_D                    0x200009df   Data           1  store_flash.o(.bss.Opening_Destination_D)
    Opening_Destination_H                    0x200009e0   Data           1  store_flash.o(.bss.Opening_Destination_H)
    PM_Menu                                  0x200009e4   Data          20  main.o(.bss.PM_Menu)
    Pass_Field                               0x200009f8   Data          16  menu.o(.bss.Pass_Field)
    Password_Mode_Flag                       0x20000a08   Data           1  menu.o(.bss.Password_Mode_Flag)
    Read_ADV1                                0x20000a09   Data           1  menu.o(.bss.Read_ADV1)
    Read_ADV2                                0x20000a0a   Data           1  menu.o(.bss.Read_ADV2)
    Read_Array_Flash                         0x20000a0b   Data         255  main.o(.bss.Read_Array_Flash)
    Read_Array_Flash_Res                     0x20000b0c   Data          16  menu.o(.bss.Read_Array_Flash_Res)
    Repeat_Time                              0x20000b1c   Data           1  main.o(.bss.Repeat_Time)
    Repeat_time_Serial                       0x20000b1d   Data           1  main.o(.bss.Repeat_time_Serial)
    Reset_Menu                               0x20000b1e   Data           1  menu.o(.bss.Reset_Menu)
    Screen_Number                            0x20000b1f   Data           1  main.o(.bss.Screen_Number)
    Seial_Repeat_arr_frame                   0x20000b20   Data          11  main.o(.bss.Seial_Repeat_arr_frame)
    Serial_Available                         0x20000b2b   Data           1  main.o(.bss.Serial_Available)
    Serial_Repeat                            0x20000b2c   Data           1  main.o(.bss.Serial_Repeat)
    Show_Variable                            0x20000b30   Data           4  main.o(.bss.Show_Variable)
    Step_Pass                                0x20000b34   Data           1  menu.o(.bss.Step_Pass)
    Step_Speed                               0x20000b35   Data           1  main.o(.bss.Step_Speed)
    Stop_Speed_C                             0x20000b36   Data           6  store_flash.o(.bss.Stop_Speed_C)
    Stop_Speed_D                             0x20000b3c   Data           6  store_flash.o(.bss.Stop_Speed_D)
    Stop_Speed_H                             0x20000b42   Data           6  store_flash.o(.bss.Stop_Speed_H)
    Stop_Speed_O                             0x20000b48   Data           6  store_flash.o(.bss.Stop_Speed_O)
    Sub_Page                                 0x20000b4e   Data           1  menu.o(.bss.Sub_Page)
    Toggle_Sevensegment                      0x20000b4f   Data           1  main.o(.bss.Toggle_Sevensegment)
    Transmision_Flag                         0x20000b50   Data           1  main.o(.bss.Transmision_Flag)
    Tune_Mode                                0x20000b51   Data           1  main.o(.bss.Tune_Mode)
    Tune_Mode_Flash_C                        0x20000b52   Data           1  store_flash.o(.bss.Tune_Mode_Flash_C)
    Tune_Mode_Flash_D                        0x20000b53   Data           1  store_flash.o(.bss.Tune_Mode_Flash_D)
    Tune_Mode_Flash_H                        0x20000b54   Data           1  store_flash.o(.bss.Tune_Mode_Flash_H)
    Tune_Mode_Flash_O                        0x20000b55   Data           1  store_flash.o(.bss.Tune_Mode_Flash_O)
    Value                                    0x20000b58   Data           4  menu.o(.bss.Value)
    Value_Res1                               0x20000b5c   Data           1  main.o(.bss.Value_Res1)
    arr_frame                                0x20000b60   Data          11  main.o(.bss.arr_frame)
    block_Counter_frame                      0x20000b6b   Data           1  main.o(.bss.block_Counter_frame)
    byte                                     0x20000b6c   Data           1  main.o(.bss.byte)
    check_Pass                               0x20000b6d   Data           1  menu.o(.bss.check_Pass)
    frame_counter                            0x20000b70   Data           4  main.o(.bss.frame_counter)
    htim1                                    0x20000b74   Data          76  main.o(.bss.htim1)
    htim14                                   0x20000bc0   Data          76  main.o(.bss.htim14)
    huart1                                   0x20000c0c   Data         148  main.o(.bss.huart1)
    pFlash                                   0x20000ca0   Data          28  stm32g0xx_hal_flash.o(.bss.pFlash)
    setting                                  0x20000cbc   Data           1  menu.o(.bss.setting)
    uwTick                                   0x20000cc0   Data           4  stm32g0xx_hal.o(.bss.uwTick)



==============================================================================

Memory Map of the image

  Image Entry point : 0x080000c1

  Load Region LR_IROM1 (Base: 0x08000000, Size: 0x00008370, Max: 0x00010000, ABSOLUTE, COMPRESSED[0x00007ff0])

    Execution Region ER_IROM1 (Exec base: 0x08000000, Load base: 0x08000000, Size: 0x00007d48, Max: 0x00010000, ABSOLUTE)

    Exec Addr    Load Addr    Size         Type   Attr      Idx    E Section Name        Object

    0x08000000   0x08000000   0x000000c0   Data   RO            3    RESET               startup_stm32g030xx.o
    0x080000c0   0x080000c0   0x00000008   Code   RO         1456  * !!!main             c_p.l(__main.o)
    0x080000c8   0x080000c8   0x0000003c   Code   RO         1635    !!!scatter          c_p.l(__scatter.o)
    0x08000104   0x08000104   0x0000001c   Code   RO         1637    !!handler_zi        c_p.l(__scatter_zi.o)
    0x08000120   0x08000120   0x00000002   Code   RO         1494    .ARM.Collect$$libinit$$00000000  c_p.l(libinit.o)
    0x08000122   0x08000122   0x00000000   Code   RO         1508    .ARM.Collect$$libinit$$00000002  c_p.l(libinit2.o)
    0x08000122   0x08000122   0x00000000   Code   RO         1510    .ARM.Collect$$libinit$$00000004  c_p.l(libinit2.o)
    0x08000122   0x08000122   0x00000000   Code   RO         1512    .ARM.Collect$$libinit$$00000006  c_p.l(libinit2.o)
    0x08000122   0x08000122   0x00000000   Code   RO         1515    .ARM.Collect$$libinit$$0000000C  c_p.l(libinit2.o)
    0x08000122   0x08000122   0x00000000   Code   RO         1517    .ARM.Collect$$libinit$$0000000E  c_p.l(libinit2.o)
    0x08000122   0x08000122   0x00000000   Code   RO         1519    .ARM.Collect$$libinit$$00000010  c_p.l(libinit2.o)
    0x08000122   0x08000122   0x00000000   Code   RO         1522    .ARM.Collect$$libinit$$00000013  c_p.l(libinit2.o)
    0x08000122   0x08000122   0x00000000   Code   RO         1524    .ARM.Collect$$libinit$$00000015  c_p.l(libinit2.o)
    0x08000122   0x08000122   0x00000000   Code   RO         1526    .ARM.Collect$$libinit$$00000017  c_p.l(libinit2.o)
    0x08000122   0x08000122   0x00000000   Code   RO         1528    .ARM.Collect$$libinit$$00000019  c_p.l(libinit2.o)
    0x08000122   0x08000122   0x00000000   Code   RO         1530    .ARM.Collect$$libinit$$0000001B  c_p.l(libinit2.o)
    0x08000122   0x08000122   0x00000000   Code   RO         1532    .ARM.Collect$$libinit$$0000001D  c_p.l(libinit2.o)
    0x08000122   0x08000122   0x00000000   Code   RO         1534    .ARM.Collect$$libinit$$0000001F  c_p.l(libinit2.o)
    0x08000122   0x08000122   0x00000000   Code   RO         1536    .ARM.Collect$$libinit$$00000021  c_p.l(libinit2.o)
    0x08000122   0x08000122   0x00000000   Code   RO         1538    .ARM.Collect$$libinit$$00000023  c_p.l(libinit2.o)
    0x08000122   0x08000122   0x00000000   Code   RO         1540    .ARM.Collect$$libinit$$00000025  c_p.l(libinit2.o)
    0x08000122   0x08000122   0x00000000   Code   RO         1542    .ARM.Collect$$libinit$$00000027  c_p.l(libinit2.o)
    0x08000122   0x08000122   0x00000000   Code   RO         1546    .ARM.Collect$$libinit$$0000002E  c_p.l(libinit2.o)
    0x08000122   0x08000122   0x00000000   Code   RO         1548    .ARM.Collect$$libinit$$00000030  c_p.l(libinit2.o)
    0x08000122   0x08000122   0x00000000   Code   RO         1550    .ARM.Collect$$libinit$$00000032  c_p.l(libinit2.o)
    0x08000122   0x08000122   0x00000000   Code   RO         1552    .ARM.Collect$$libinit$$00000034  c_p.l(libinit2.o)
    0x08000122   0x08000122   0x00000002   Code   RO         1553    .ARM.Collect$$libinit$$00000035  c_p.l(libinit2.o)
    0x08000124   0x08000124   0x00000002   Code   RO         1588    .ARM.Collect$$libshutdown$$00000000  c_p.l(libshutdown.o)
    0x08000126   0x08000126   0x00000000   Code   RO         1616    .ARM.Collect$$libshutdown$$00000002  c_p.l(libshutdown2.o)
    0x08000126   0x08000126   0x00000000   Code   RO         1618    .ARM.Collect$$libshutdown$$00000004  c_p.l(libshutdown2.o)
    0x08000126   0x08000126   0x00000000   Code   RO         1621    .ARM.Collect$$libshutdown$$00000007  c_p.l(libshutdown2.o)
    0x08000126   0x08000126   0x00000000   Code   RO         1624    .ARM.Collect$$libshutdown$$0000000A  c_p.l(libshutdown2.o)
    0x08000126   0x08000126   0x00000000   Code   RO         1626    .ARM.Collect$$libshutdown$$0000000C  c_p.l(libshutdown2.o)
    0x08000126   0x08000126   0x00000000   Code   RO         1629    .ARM.Collect$$libshutdown$$0000000F  c_p.l(libshutdown2.o)
    0x08000126   0x08000126   0x00000002   Code   RO         1630    .ARM.Collect$$libshutdown$$00000010  c_p.l(libshutdown2.o)
    0x08000128   0x08000128   0x00000000   Code   RO         1458    .ARM.Collect$$rtentry$$00000000  c_p.l(__rtentry.o)
    0x08000128   0x08000128   0x00000000   Code   RO         1464    .ARM.Collect$$rtentry$$00000002  c_p.l(__rtentry2.o)
    0x08000128   0x08000128   0x00000006   Code   RO         1476    .ARM.Collect$$rtentry$$00000004  c_p.l(__rtentry4.o)
    0x0800012e   0x0800012e   0x00000000   Code   RO         1466    .ARM.Collect$$rtentry$$00000009  c_p.l(__rtentry2.o)
    0x0800012e   0x0800012e   0x00000004   Code   RO         1467    .ARM.Collect$$rtentry$$0000000A  c_p.l(__rtentry2.o)
    0x08000132   0x08000132   0x00000000   Code   RO         1469    .ARM.Collect$$rtentry$$0000000C  c_p.l(__rtentry2.o)
    0x08000132   0x08000132   0x00000008   Code   RO         1470    .ARM.Collect$$rtentry$$0000000D  c_p.l(__rtentry2.o)
    0x0800013a   0x0800013a   0x00000002   Code   RO         1499    .ARM.Collect$$rtexit$$00000000  c_p.l(rtexit.o)
    0x0800013c   0x0800013c   0x00000000   Code   RO         1559    .ARM.Collect$$rtexit$$00000002  c_p.l(rtexit2.o)
    0x0800013c   0x0800013c   0x00000004   Code   RO         1560    .ARM.Collect$$rtexit$$00000003  c_p.l(rtexit2.o)
    0x08000140   0x08000140   0x00000006   Code   RO         1561    .ARM.Collect$$rtexit$$00000004  c_p.l(rtexit2.o)
    0x08000146   0x08000146   0x00000002   PAD
    0x08000148   0x08000148   0x00000038   Code   RO         1440    .emb_text           c_p.l(rt_memcpy.o)
    0x08000180   0x08000180   0x00000038   Code   RO            4    .text               startup_stm32g030xx.o
    0x080001b8   0x080001b8   0x00000044   Code   RO         1438    .text               c_p.l(strlen.o)
    0x080001fc   0x080001fc   0x00000082   Code   RO         1441    .text               c_p.l(rt_memcpy.o)
    0x0800027e   0x0800027e   0x00000040   Code   RO         1444    .text               c_p.l(rt_memclr.o)
    0x080002be   0x080002be   0x00000002   PAD
    0x080002c0   0x080002c0   0x000001f8   Code   RO         1446    .text               c_p.l(aeabi_sdivfast.o)
    0x080004b8   0x080004b8   0x00000006   Code   RO         1454    .text               c_p.l(heapauxi.o)
    0x080004be   0x080004be   0x0000003e   Code   RO         1480    .text               c_p.l(sys_stackheap_outer.o)
    0x080004fc   0x080004fc   0x00000010   Code   RO         1483    .text               c_p.l(exit.o)
    0x0800050c   0x0800050c   0x00000008   Code   RO         1495    .text               c_p.l(libspace.o)
    0x08000514   0x08000514   0x0000000c   Code   RO         1554    .text               c_p.l(sys_exit.o)
    0x08000520   0x08000520   0x00000002   Code   RO         1577    .text               c_p.l(use_no_semi.o)
    0x08000522   0x08000522   0x00000000   Code   RO         1579    .text               c_p.l(indicate_semi.o)
    0x08000522   0x08000522   0x00000056   Code   RO         1633    .text               c_p.l(__dczerorl2.o)
    0x08000578   0x08000578   0x00000354   Code   RO         1251    .text.Change_Value_Conditions_Down_Key  menu.o
    0x080008cc   0x080008cc   0x000002ec   Code   RO         1253    .text.Change_Value_Conditions_Up_Key  menu.o
    0x08000bb8   0x08000bb8   0x00000214   Code   RO         1235    .text.Change_Value_In_Sub_Page2  menu.o
    0x08000dcc   0x08000dcc   0x000000cc   Code   RO         1241    .text.Check_Password  menu.o
    0x08000e98   0x08000e98   0x00000010   Code   RO          120    .text.EXTI0_1_IRQHandler  stm32g0xx_it.o
    0x08000ea8   0x08000ea8   0x00000012   Code   RO          122    .text.EXTI4_15_IRQHandler  stm32g0xx_it.o
    0x08000eba   0x08000eba   0x00000038   Code   RO         1089    .text.Erase_Flash   store_flash.o
    0x08000ef2   0x08000ef2   0x00000008   Code   RO           27    .text.Error_Handler  main.o
    0x08000efa   0x08000efa   0x00000002   PAD
    0x08000efc   0x08000efc   0x0000007c   Code   RO          545    .text.FLASH_WaitForLastOperation  stm32g0xx_hal_flash.o
    0x08000f78   0x08000f78   0x0000006c   Code   RO          634    .text.HAL_DMA_Abort  stm32g0xx_hal_dma.o
    0x08000fe4   0x08000fe4   0x00000074   Code   RO          636    .text.HAL_DMA_Abort_IT  stm32g0xx_hal_dma.o
    0x08001058   0x08001058   0x00000024   Code   RO          811    .text.HAL_Delay     stm32g0xx_hal.o
    0x0800107c   0x0800107c   0x000000b4   Code   RO          576    .text.HAL_FLASHEx_Erase  stm32g0xx_hal_flash_ex.o
    0x08001130   0x08001130   0x00000080   Code   RO          557    .text.HAL_FLASH_Lock  stm32g0xx_hal_flash.o
    0x080011b0   0x080011b0   0x000001b8   Code   RO          543    .text.HAL_FLASH_Program  stm32g0xx_hal_flash.o
    0x08001368   0x08001368   0x00000028   Code   RO          555    .text.HAL_FLASH_Unlock  stm32g0xx_hal_flash.o
    0x08001390   0x08001390   0x00000084   Code   RO           21    .text.HAL_GPIO_EXTI_Falling_Callback  main.o
    0x08001414   0x08001414   0x00000028   Code   RO          612    .text.HAL_GPIO_EXTI_IRQHandler  stm32g0xx_hal_gpio.o
    0x0800143c   0x0800143c   0x00000002   Code   RO          614    .text.HAL_GPIO_EXTI_Rising_Callback  stm32g0xx_hal_gpio.o
    0x0800143e   0x0800143e   0x00000002   PAD
    0x08001440   0x08001440   0x00000194   Code   RO          600    .text.HAL_GPIO_Init  stm32g0xx_hal_gpio.o
    0x080015d4   0x080015d4   0x0000000a   Code   RO          604    .text.HAL_GPIO_ReadPin  stm32g0xx_hal_gpio.o
    0x080015de   0x080015de   0x00000010   Code   RO          606    .text.HAL_GPIO_WritePin  stm32g0xx_hal_gpio.o
    0x080015ee   0x080015ee   0x00000002   PAD
    0x080015f0   0x080015f0   0x00000008   Code   RO          803    .text.HAL_GetTick   stm32g0xx_hal.o
    0x080015f8   0x080015f8   0x00000014   Code   RO          801    .text.HAL_IncTick   stm32g0xx_hal.o
    0x0800160c   0x0800160c   0x0000002c   Code   RO          791    .text.HAL_Init      stm32g0xx_hal.o
    0x08001638   0x08001638   0x00000048   Code   RO          793    .text.HAL_InitTick  stm32g0xx_hal.o
    0x08001680   0x08001680   0x0000002c   Code   RO          135    .text.HAL_MspInit   stm32g0xx_hal_msp.o
    0x080016ac   0x080016ac   0x00000018   Code   RO          751    .text.HAL_NVIC_EnableIRQ  stm32g0xx_hal_cortex.o
    0x080016c4   0x080016c4   0x00000038   Code   RO          749    .text.HAL_NVIC_SetPriority  stm32g0xx_hal_cortex.o
    0x080016fc   0x080016fc   0x00000020   Code   RO          755    .text.HAL_NVIC_SystemReset  stm32g0xx_hal_cortex.o
    0x0800171c   0x0800171c   0x00000098   Code   RO          735    .text.HAL_PWREx_ControlVoltageScaling  stm32g0xx_hal_pwr_ex.o
    0x080017b4   0x080017b4   0x00000164   Code   RO          524    .text.HAL_RCCEx_PeriphCLKConfig  stm32g0xx_hal_rcc_ex.o
    0x08001918   0x08001918   0x000001e8   Code   RO          488    .text.HAL_RCC_ClockConfig  stm32g0xx_hal_rcc.o
    0x08001b00   0x08001b00   0x00000024   Code   RO          496    .text.HAL_RCC_GetPCLK1Freq  stm32g0xx_hal_rcc.o
    0x08001b24   0x08001b24   0x00000088   Code   RO          490    .text.HAL_RCC_GetSysClockFreq  stm32g0xx_hal_rcc.o
    0x08001bac   0x08001bac   0x00000430   Code   RO          486    .text.HAL_RCC_OscConfig  stm32g0xx_hal_rcc.o
    0x08001fdc   0x08001fdc   0x00000034   Code   RO          757    .text.HAL_SYSTICK_Config  stm32g0xx_hal_cortex.o
    0x08002010   0x08002010   0x00000002   Code   RO          470    .text.HAL_TIMEx_Break2Callback  stm32g0xx_hal_tim_ex.o
    0x08002012   0x08002012   0x00000002   Code   RO          468    .text.HAL_TIMEx_BreakCallback  stm32g0xx_hal_tim_ex.o
    0x08002014   0x08002014   0x00000002   Code   RO          464    .text.HAL_TIMEx_CommutCallback  stm32g0xx_hal_tim_ex.o
    0x08002016   0x08002016   0x00000002   PAD
    0x08002018   0x08002018   0x00000058   Code   RO          448    .text.HAL_TIMEx_MasterConfigSynchronization  stm32g0xx_hal_tim_ex.o
    0x08002070   0x08002070   0x000000d8   Code   RO          153    .text.HAL_TIM_Base_Init  stm32g0xx_hal_tim.o
    0x08002148   0x08002148   0x0000005c   Code   RO          137    .text.HAL_TIM_Base_MspInit  stm32g0xx_hal_msp.o
    0x080021a4   0x080021a4   0x00000058   Code   RO          167    .text.HAL_TIM_Base_Start_IT  stm32g0xx_hal_tim.o
    0x080021fc   0x080021fc   0x00000150   Code   RO          333    .text.HAL_TIM_ConfigClockSource  stm32g0xx_hal_tim.o
    0x0800234c   0x0800234c   0x00000002   Code   RO          289    .text.HAL_TIM_IC_CaptureCallback  stm32g0xx_hal_tim.o
    0x0800234e   0x0800234e   0x00000002   PAD
    0x08002350   0x08002350   0x000001dc   Code   RO          287    .text.HAL_TIM_IRQHandler  stm32g0xx_hal_tim.o
    0x0800252c   0x0800252c   0x00000002   Code   RO          291    .text.HAL_TIM_OC_DelayElapsedCallback  stm32g0xx_hal_tim.o
    0x0800252e   0x0800252e   0x00000002   Code   RO          293    .text.HAL_TIM_PWM_PulseFinishedCallback  stm32g0xx_hal_tim.o
    0x08002530   0x08002530   0x0000043c   Code   RO           17    .text.HAL_TIM_PeriodElapsedCallback  main.o
    0x0800296c   0x0800296c   0x00000002   Code   RO          297    .text.HAL_TIM_TriggerCallback  stm32g0xx_hal_tim.o
    0x0800296e   0x0800296e   0x00000036   Code   RO         1047    .text.HAL_UARTEx_DisableFifoMode  stm32g0xx_hal_uart_ex.o
    0x080029a4   0x080029a4   0x00000002   Code   RO          976    .text.HAL_UARTEx_RxEventCallback  stm32g0xx_hal_uart.o
    0x080029a6   0x080029a6   0x00000002   Code   RO         1033    .text.HAL_UARTEx_RxFifoFullCallback  stm32g0xx_hal_uart_ex.o
    0x080029a8   0x080029a8   0x00000078   Code   RO         1051    .text.HAL_UARTEx_SetRxFifoThreshold  stm32g0xx_hal_uart_ex.o
    0x08002a20   0x08002a20   0x00000080   Code   RO         1049    .text.HAL_UARTEx_SetTxFifoThreshold  stm32g0xx_hal_uart_ex.o
    0x08002aa0   0x08002aa0   0x00000002   Code   RO         1035    .text.HAL_UARTEx_TxFifoEmptyCallback  stm32g0xx_hal_uart_ex.o
    0x08002aa2   0x08002aa2   0x00000002   Code   RO         1031    .text.HAL_UARTEx_WakeupCallback  stm32g0xx_hal_uart_ex.o
    0x08002aa4   0x08002aa4   0x00000002   Code   RO          974    .text.HAL_UART_ErrorCallback  stm32g0xx_hal_uart.o
    0x08002aa6   0x08002aa6   0x00000002   PAD
    0x08002aa8   0x08002aa8   0x00000448   Code   RO          970    .text.HAL_UART_IRQHandler  stm32g0xx_hal_uart.o
    0x08002ef0   0x08002ef0   0x0000006c   Code   RO          886    .text.HAL_UART_Init  stm32g0xx_hal_uart.o
    0x08002f5c   0x08002f5c   0x00000088   Code   RO          141    .text.HAL_UART_MspInit  stm32g0xx_hal_msp.o
    0x08002fe4   0x08002fe4   0x0000005e   Code   RO          922    .text.HAL_UART_Receive_IT  stm32g0xx_hal_uart.o
    0x08003042   0x08003042   0x00000002   PAD
    0x08003044   0x08003044   0x0000006c   Code   RO           19    .text.HAL_UART_RxCpltCallback  main.o
    0x080030b0   0x080030b0   0x000000fc   Code   RO          906    .text.HAL_UART_Transmit  stm32g0xx_hal_uart.o
    0x080031ac   0x080031ac   0x00000002   Code   RO          978    .text.HAL_UART_TxCpltCallback  stm32g0xx_hal_uart.o
    0x080031ae   0x080031ae   0x00000002   Code   RO          112    .text.HardFault_Handler  stm32g0xx_it.o
    0x080031b0   0x080031b0   0x00000026   Code   RO         1397    .text.LCD_Clear     lcd.o
    0x080031d6   0x080031d6   0x00000002   PAD
    0x080031d8   0x080031d8   0x000000dc   Code   RO         1393    .text.LCD_Cmd4bit   lcd.o
    0x080032b4   0x080032b4   0x00000160   Code   RO         1391    .text.LCD_Init      lcd.o
    0x08003414   0x08003414   0x00000020   Code   RO         1421    .text.LCD_Put       lcd.o
    0x08003434   0x08003434   0x00000134   Code   RO         1399    .text.LCD_Puts      lcd.o
    0x08003568   0x08003568   0x000007f8   Code   RO         1093    .text.Manage_Memory  store_flash.o
    0x08003d60   0x08003d60   0x000009c8   Code   RO         1233    .text.Menu_Data_Display  menu.o
    0x08004728   0x08004728   0x000002b8   Code   RO         1249    .text.Menu_Selection  menu.o
    0x080049e0   0x080049e0   0x00000002   Code   RO          110    .text.NMI_Handler   stm32g0xx_it.o
    0x080049e2   0x080049e2   0x00000002   Code   RO          116    .text.PendSV_Handler  stm32g0xx_it.o
    0x080049e4   0x080049e4   0x00000002   Code   RO          114    .text.SVC_Handler   stm32g0xx_it.o
    0x080049e6   0x080049e6   0x00000002   PAD
    0x080049e8   0x080049e8   0x00000f5c   Code   RO         1255    .text.Save_Changes  menu.o
    0x08005944   0x08005944   0x00000154   Code   RO         1091    .text.Setup_Flash   store_flash.o
    0x08005a98   0x08005a98   0x00000128   Code   RO         1239    .text.Storage_Data_On_Mainboard  menu.o
    0x08005bc0   0x08005bc0   0x00000008   Code   RO          118    .text.SysTick_Handler  stm32g0xx_it.o
    0x08005bc8   0x08005bc8   0x00000002   Code   RO         1070    .text.SystemInit    system_stm32g0xx.o
    0x08005bca   0x08005bca   0x00000002   PAD
    0x08005bcc   0x08005bcc   0x00000010   Code   RO          124    .text.TIM1_BRK_UP_TRG_COM_IRQHandler  stm32g0xx_it.o
    0x08005bdc   0x08005bdc   0x000000d2   Code   RO          890    .text.UART_AdvFeatureConfig  stm32g0xx_hal_uart.o
    0x08005cae   0x08005cae   0x00000002   PAD
    0x08005cb0   0x08005cb0   0x000000bc   Code   RO          894    .text.UART_CheckIdleState  stm32g0xx_hal_uart.o
    0x08005d6c   0x08005d6c   0x00000016   Code   RO          972    .text.UART_DMAAbortOnError  stm32g0xx_hal_uart.o
    0x08005d82   0x08005d82   0x000000ca   Code   RO         1012    .text.UART_RxISR_16BIT  stm32g0xx_hal_uart.o
    0x08005e4c   0x08005e4c   0x000001c0   Code   RO         1008    .text.UART_RxISR_16BIT_FIFOEN  stm32g0xx_hal_uart.o
    0x0800600c   0x0800600c   0x000000cc   Code   RO         1014    .text.UART_RxISR_8BIT  stm32g0xx_hal_uart.o
    0x080060d8   0x080060d8   0x000001c4   Code   RO         1010    .text.UART_RxISR_8BIT_FIFOEN  stm32g0xx_hal_uart.o
    0x0800629c   0x0800629c   0x0000016c   Code   RO          892    .text.UART_SetConfig  stm32g0xx_hal_uart.o
    0x08006408   0x08006408   0x00000134   Code   RO          924    .text.UART_Start_Receive_IT  stm32g0xx_hal_uart.o
    0x0800653c   0x0800653c   0x0000015c   Code   RO          908    .text.UART_WaitOnFlagUntilTimeout  stm32g0xx_hal_uart.o
    0x08006698   0x08006698   0x0000000c   Code   RO          126    .text.USART1_IRQHandler  stm32g0xx_it.o
    0x080066a4   0x080066a4   0x00000300   Code   RO         1257    .text.change_Mode_Manual_In_Sub_Page2  menu.o
    0x080069a4   0x080069a4   0x00000178   Code   RO         1243    .text.change_Param_ADV1  menu.o
    0x08006b1c   0x08006b1c   0x0000023c   Code   RO         1245    .text.change_Param_ADV2  menu.o
    0x08006d58   0x08006d58   0x0000005c   Code   RO         1095    .text.incriment_array  store_flash.o
    0x08006db4   0x08006db4   0x00000b94   Code   RO           23    .text.main          main.o
    0x08007948   0x08007948   0x00000004   Code   RO         1087    .text.readFlash     store_flash.o
    0x0800794c   0x0800794c   0x00000048   Code   RO         1085    .text.writeFlash    store_flash.o
    0x08007994   0x08007994   0x000001f6   Code   RO         1447    .text_divfast       c_p.l(aeabi_sdivfast.o)
    0x08007b8a   0x08007b8a   0x00000002   PAD
    0x08007b8c   0x08007b8c   0x00000040   Data   RO         1075    .rodata.AHBPrescTable  system_stm32g0xx.o
    0x08007bcc   0x08007bcc   0x00000020   Data   RO         1076    .rodata.APBPrescTable  system_stm32g0xx.o
    0x08007bec   0x08007bec   0x00000018   Data   RO         1020    .rodata.UARTPrescTable  stm32g0xx_hal_uart.o
    0x08007c04   0x08007c04   0x00000004   Data   RO         1428    .rodata.cst4        lcd.o
    0x08007c08   0x08007c08   0x00000010   Data   RO         1061    .rodata.cst8        stm32g0xx_hal_uart_ex.o
    0x08007c18   0x08007c18   0x000000ff   Data   RO           96    .rodata.str1.1      main.o
    0x08007d17   0x08007d17   0x00000011   Data   RO         1376    .rodata.str1.1      menu.o
    0x08007d28   0x08007d28   0x00000020   Data   RO         1632    Region$$Table       anon$$obj.o


    Execution Region RW_IRAM1 (Exec base: 0x20000000, Load base: 0x08007d48, Size: 0x000012c8, Max: 0x00002000, ABSOLUTE, COMPRESSED[0x000002a8])

    Exec Addr    Load Addr    Size         Type   Attr      Idx    E Section Name        Object

    0x20000000   COMPRESSED   0x00000010   Data   RW         1346    .data.Auto          menu.o
    0x20000010   COMPRESSED   0x00000001   Data   RW           72    .data.Byte_1_CD_Mode  main.o
    0x20000011   COMPRESSED   0x00000001   Data   RW         1097    .data.Byte_1_Device_Mode  store_flash.o
    0x20000012   COMPRESSED   0x00000001   Data   RW           38    .data.Byte_1_END_Frame  main.o
    0x20000013   COMPRESSED   0x00000001   Data   RW           30    .data.Byte_1_Manual_Mode  main.o
    0x20000014   COMPRESSED   0x00000001   Data   RW           74    .data.Byte_1_Normal_Mode  main.o
    0x20000015   COMPRESSED   0x00000001   Data   RW           71    .data.Byte_1_OD_Mode  main.o
    0x20000016   COMPRESSED   0x00000001   Data   RW           40    .data.Byte_1_Read_Frame  main.o
    0x20000017   COMPRESSED   0x00000001   Data   RW           36    .data.Byte_1_Start_Frame  main.o
    0x20000018   COMPRESSED   0x00000001   Data   RW           73    .data.Byte_1_Tune_Mode  main.o
    0x20000019   COMPRESSED   0x00000001   Data   RW           41    .data.Byte_1_Write_Frame  main.o
    0x2000001a   COMPRESSED   0x00000001   Data   RW           39    .data.Byte_2_END_Frame  main.o
    0x2000001b   COMPRESSED   0x00000001   Data   RW           37    .data.Byte_2_Start_Frame  main.o
    0x2000001c   COMPRESSED   0x00000010   Data   RW         1343    .data.CCM           menu.o
    0x2000002c   COMPRESSED   0x00000010   Data   RW         1344    .data.CCMO          menu.o
    0x2000003c   COMPRESSED   0x00000010   Data   RW         1347    .data.CL            menu.o
    0x2000004c   COMPRESSED   0x00000006   Data   RW         1137    .data.Close_Accel_C  store_flash.o
    0x20000052   COMPRESSED   0x00000006   Data   RW         1104    .data.Close_Accel_D  store_flash.o
    0x20000058   COMPRESSED   0x00000006   Data   RW         1168    .data.Close_Accel_H  store_flash.o
    0x2000005e   COMPRESSED   0x00000006   Data   RW         1199    .data.Close_Accel_O  store_flash.o
    0x20000064   COMPRESSED   0x00000006   Data   RW         1139    .data.Close_Current_C  store_flash.o
    0x2000006a   COMPRESSED   0x00000006   Data   RW         1106    .data.Close_Current_D  store_flash.o
    0x20000070   COMPRESSED   0x00000006   Data   RW         1170    .data.Close_Current_H  store_flash.o
    0x20000076   COMPRESSED   0x00000006   Data   RW         1201    .data.Close_Current_O  store_flash.o
    0x2000007c   COMPRESSED   0x00000006   Data   RW         1140    .data.Close_Position_C  store_flash.o
    0x20000082   COMPRESSED   0x00000006   Data   RW         1107    .data.Close_Position_D  store_flash.o
    0x20000088   COMPRESSED   0x00000006   Data   RW         1171    .data.Close_Position_H  store_flash.o
    0x2000008e   COMPRESSED   0x00000006   Data   RW         1202    .data.Close_Position_O  store_flash.o
    0x20000094   COMPRESSED   0x00000006   Data   RW         1138    .data.Close_Speed_C  store_flash.o
    0x2000009a   COMPRESSED   0x00000006   Data   RW         1105    .data.Close_Speed_D  store_flash.o
    0x200000a0   COMPRESSED   0x00000006   Data   RW         1169    .data.Close_Speed_H  store_flash.o
    0x200000a6   COMPRESSED   0x00000006   Data   RW         1200    .data.Close_Speed_O  store_flash.o
    0x200000ac   COMPRESSED   0x00000001   Data   RW         1210    .data.Closing_Destination_O  store_flash.o
    0x200000ad   COMPRESSED   0x00000001   Data   RW           48    .data.Counter_Reset_system  main.o
    0x200000ae   COMPRESSED   0x00000001   Data   RW         1161    .data.Device_Mode_C  store_flash.o
    0x200000af   COMPRESSED   0x00000001   Data   RW         1192    .data.Device_Mode_H  store_flash.o
    0x200000b0   COMPRESSED   0x00000001   Data   RW         1223    .data.Device_Mode_O  store_flash.o
    0x200000b1   COMPRESSED   0x00000010   Data   RW         1340    .data.Disable       menu.o
    0x200000c1   COMPRESSED   0x00000010   Data   RW         1339    .data.Enable        menu.o
    0x200000d1   COMPRESSED   0x00000001   Data   RW         1145    .data.KP_Detection_Time_C  store_flash.o
    0x200000d2   COMPRESSED   0x00000001   Data   RW         1112    .data.KP_Detection_Time_D  store_flash.o
    0x200000d3   COMPRESSED   0x00000001   Data   RW         1176    .data.KP_Detection_Time_H  store_flash.o
    0x200000d4   COMPRESSED   0x00000001   Data   RW         1207    .data.KP_Detection_Time_O  store_flash.o
    0x200000d5   COMPRESSED   0x00000001   Data   RW         1146    .data.KP_Speed_Constant_C  store_flash.o
    0x200000d6   COMPRESSED   0x00000001   Data   RW         1113    .data.KP_Speed_Constant_D  store_flash.o
    0x200000d7   COMPRESSED   0x00000001   Data   RW         1177    .data.KP_Speed_Constant_H  store_flash.o
    0x200000d8   COMPRESSED   0x00000001   Data   RW         1208    .data.KP_Speed_Constant_O  store_flash.o
    0x200000d9   COMPRESSED   0x00000001   Data   RW         1132    .data.Learnig_Speed_C  store_flash.o
    0x200000da   COMPRESSED   0x00000001   Data   RW         1099    .data.Learnig_Speed_D  store_flash.o
    0x200000db   COMPRESSED   0x00000001   Data   RW         1163    .data.Learnig_Speed_H  store_flash.o
    0x200000dc   COMPRESSED   0x00000001   Data   RW         1194    .data.Learnig_Speed_O  store_flash.o
    0x200000dd   COMPRESSED   0x00000010   Data   RW         1341    .data.Left          menu.o
    0x200000ed   COMPRESSED   0x00000001   Data   RW           65    .data.Lock_Counter_Key  main.o
    0x200000ee   COMPRESSED   0x00000001   Data   RW         1155    .data.Motor_Nominal_Current_C  store_flash.o
    0x200000ef   COMPRESSED   0x00000001   Data   RW         1122    .data.Motor_Nominal_Current_D  store_flash.o
    0x200000f0   COMPRESSED   0x00000001   Data   RW         1186    .data.Motor_Nominal_Current_H  store_flash.o
    0x200000f1   COMPRESSED   0x00000001   Data   RW         1217    .data.Motor_Nominal_Current_O  store_flash.o
    0x200000f2   COMPRESSED   0x00000001   Data   RW         1157    .data.Motor_Nominal_Speed_C  store_flash.o
    0x200000f3   COMPRESSED   0x00000001   Data   RW         1124    .data.Motor_Nominal_Speed_D  store_flash.o
    0x200000f4   COMPRESSED   0x00000001   Data   RW         1188    .data.Motor_Nominal_Speed_H  store_flash.o
    0x200000f5   COMPRESSED   0x00000001   Data   RW         1219    .data.Motor_Nominal_Speed_O  store_flash.o
    0x200000f6   COMPRESSED   0x00000001   Data   RW         1156    .data.Motor_Nominal_Voltage_C  store_flash.o
    0x200000f7   COMPRESSED   0x00000001   Data   RW         1123    .data.Motor_Nominal_Voltage_D  store_flash.o
    0x200000f8   COMPRESSED   0x00000001   Data   RW         1187    .data.Motor_Nominal_Voltage_H  store_flash.o
    0x200000f9   COMPRESSED   0x00000001   Data   RW         1218    .data.Motor_Nominal_Voltage_O  store_flash.o
    0x200000fa   COMPRESSED   0x00000001   Data   RW         1154    .data.Motor_Pole_Number_C  store_flash.o
    0x200000fb   COMPRESSED   0x00000001   Data   RW         1121    .data.Motor_Pole_Number_D  store_flash.o
    0x200000fc   COMPRESSED   0x00000001   Data   RW         1185    .data.Motor_Pole_Number_H  store_flash.o
    0x200000fd   COMPRESSED   0x00000001   Data   RW         1216    .data.Motor_Pole_Number_O  store_flash.o
    0x200000fe   COMPRESSED   0x00000001   Data   RW         1149    .data.Normal_Jerk_C  store_flash.o
    0x200000ff   COMPRESSED   0x00000001   Data   RW         1116    .data.Normal_Jerk_D  store_flash.o
    0x20000100   COMPRESSED   0x00000001   Data   RW         1180    .data.Normal_Jerk_H  store_flash.o
    0x20000101   COMPRESSED   0x00000001   Data   RW         1211    .data.Normal_Jerk_O  store_flash.o
    0x20000102   COMPRESSED   0x00000001   Data   RW         1261    .data.Number_OF_Settings  menu.o
    0x20000103   COMPRESSED   0x00000001   PAD
    0x20000104   COMPRESSED   0x00000010   Data   RW         1345    .data.OP            menu.o
    0x20000114   COMPRESSED   0x00000001   Data   RW         1131    .data.Obstacle_KP_C  store_flash.o
    0x20000115   COMPRESSED   0x00000001   Data   RW         1098    .data.Obstacle_KP_D  store_flash.o
    0x20000116   COMPRESSED   0x00000001   Data   RW         1162    .data.Obstacle_KP_H  store_flash.o
    0x20000117   COMPRESSED   0x00000001   Data   RW         1193    .data.Obstacle_KP_O  store_flash.o
    0x20000118   COMPRESSED   0x000000ff   Data   RW           29    .data.Office_Flash_Array  main.o
    0x20000217   COMPRESSED   0x00000001   PAD
    0x20000218   COMPRESSED   0x00000006   Data   RW         1133    .data.Open_Accel_C  store_flash.o
    0x2000021e   COMPRESSED   0x00000002   PAD
    0x20000220   COMPRESSED   0x00000006   Data   RW         1100    .data.Open_Accel_D  store_flash.o
    0x20000226   COMPRESSED   0x00000002   PAD
    0x20000228   COMPRESSED   0x00000006   Data   RW         1164    .data.Open_Accel_H  store_flash.o
    0x2000022e   COMPRESSED   0x00000002   PAD
    0x20000230   COMPRESSED   0x00000006   Data   RW         1195    .data.Open_Accel_O  store_flash.o
    0x20000236   COMPRESSED   0x00000006   Data   RW         1135    .data.Open_Current_C  store_flash.o
    0x2000023c   COMPRESSED   0x00000006   Data   RW         1102    .data.Open_Current_D  store_flash.o
    0x20000242   COMPRESSED   0x00000006   Data   RW         1166    .data.Open_Current_H  store_flash.o
    0x20000248   COMPRESSED   0x00000006   Data   RW         1197    .data.Open_Current_O  store_flash.o
    0x2000024e   COMPRESSED   0x00000006   Data   RW         1136    .data.Open_Position_C  store_flash.o
    0x20000254   COMPRESSED   0x00000006   Data   RW         1103    .data.Open_Position_D  store_flash.o
    0x2000025a   COMPRESSED   0x00000006   Data   RW         1167    .data.Open_Position_H  store_flash.o
    0x20000260   COMPRESSED   0x00000006   Data   RW         1198    .data.Open_Position_O  store_flash.o
    0x20000266   COMPRESSED   0x00000006   Data   RW         1134    .data.Open_Speed_C  store_flash.o
    0x2000026c   COMPRESSED   0x00000006   Data   RW         1101    .data.Open_Speed_D  store_flash.o
    0x20000272   COMPRESSED   0x00000006   Data   RW         1165    .data.Open_Speed_H  store_flash.o
    0x20000278   COMPRESSED   0x00000006   Data   RW         1196    .data.Open_Speed_O  store_flash.o
    0x2000027e   COMPRESSED   0x00000001   Data   RW         1209    .data.Opening_Destination_O  store_flash.o
    0x2000027f   COMPRESSED   0x00000001   Data   RW         1151    .data.Over_Heat_Limit_C  store_flash.o
    0x20000280   COMPRESSED   0x00000001   Data   RW         1118    .data.Over_Heat_Limit_D  store_flash.o
    0x20000281   COMPRESSED   0x00000001   Data   RW         1182    .data.Over_Heat_Limit_H  store_flash.o
    0x20000282   COMPRESSED   0x00000001   Data   RW         1213    .data.Over_Heat_Limit_O  store_flash.o
    0x20000283   COMPRESSED   0x00000001   Data   RW         1152    .data.Over_Load_Limit_C  store_flash.o
    0x20000284   COMPRESSED   0x00000001   Data   RW         1119    .data.Over_Load_Limit_D  store_flash.o
    0x20000285   COMPRESSED   0x00000001   Data   RW         1183    .data.Over_Load_Limit_H  store_flash.o
    0x20000286   COMPRESSED   0x00000001   Data   RW         1214    .data.Over_Load_Limit_O  store_flash.o
    0x20000287   COMPRESSED   0x00000001   Data   RW         1153    .data.Over_Load_Time_C  store_flash.o
    0x20000288   COMPRESSED   0x00000001   Data   RW         1120    .data.Over_Load_Time_D  store_flash.o
    0x20000289   COMPRESSED   0x00000001   Data   RW         1184    .data.Over_Load_Time_H  store_flash.o
    0x2000028a   COMPRESSED   0x00000001   Data   RW         1215    .data.Over_Load_Time_O  store_flash.o
    0x2000028b   COMPRESSED   0x00000010   Data   RW         1262    .data.Res_1         menu.o
    0x2000029b   COMPRESSED   0x00000010   Data   RW         1271    .data.Res_10        menu.o
    0x200002ab   COMPRESSED   0x00000010   Data   RW         1272    .data.Res_11        menu.o
    0x200002bb   COMPRESSED   0x00000001   PAD
    0x200002bc   COMPRESSED   0x00000010   Data   RW         1278    .data.Res_17        menu.o
    0x200002cc   COMPRESSED   0x00000010   Data   RW         1279    .data.Res_18        menu.o
    0x200002dc   COMPRESSED   0x00000010   Data   RW         1280    .data.Res_19        menu.o
    0x200002ec   COMPRESSED   0x00000010   Data   RW         1263    .data.Res_2         menu.o
    0x200002fc   COMPRESSED   0x00000010   Data   RW         1281    .data.Res_20        menu.o
    0x2000030c   COMPRESSED   0x00000010   Data   RW         1282    .data.Res_21        menu.o
    0x2000031c   COMPRESSED   0x00000010   Data   RW         1283    .data.Res_22        menu.o
    0x2000032c   COMPRESSED   0x00000010   Data   RW         1284    .data.Res_23        menu.o
    0x2000033c   COMPRESSED   0x00000010   Data   RW         1285    .data.Res_24        menu.o
    0x2000034c   COMPRESSED   0x00000010   Data   RW         1286    .data.Res_25        menu.o
    0x2000035c   COMPRESSED   0x00000010   Data   RW         1287    .data.Res_26        menu.o
    0x2000036c   COMPRESSED   0x00000010   Data   RW         1288    .data.Res_27        menu.o
    0x2000037c   COMPRESSED   0x00000010   Data   RW         1289    .data.Res_28        menu.o
    0x2000038c   COMPRESSED   0x00000010   Data   RW         1290    .data.Res_29        menu.o
    0x2000039c   COMPRESSED   0x00000010   Data   RW         1264    .data.Res_3         menu.o
    0x200003ac   COMPRESSED   0x00000010   Data   RW         1291    .data.Res_30        menu.o
    0x200003bc   COMPRESSED   0x00000010   Data   RW         1297    .data.Res_37        menu.o
    0x200003cc   COMPRESSED   0x00000010   Data   RW         1298    .data.Res_38        menu.o
    0x200003dc   COMPRESSED   0x00000010   Data   RW         1299    .data.Res_39        menu.o
    0x200003ec   COMPRESSED   0x00000010   Data   RW         1265    .data.Res_4         menu.o
    0x200003fc   COMPRESSED   0x00000010   Data   RW         1300    .data.Res_40        menu.o
    0x2000040c   COMPRESSED   0x00000010   Data   RW         1301    .data.Res_41        menu.o
    0x2000041c   COMPRESSED   0x00000010   Data   RW         1302    .data.Res_42        menu.o
    0x2000042c   COMPRESSED   0x00000010   Data   RW         1303    .data.Res_43        menu.o
    0x2000043c   COMPRESSED   0x00000010   Data   RW         1304    .data.Res_44        menu.o
    0x2000044c   COMPRESSED   0x00000010   Data   RW         1305    .data.Res_45        menu.o
    0x2000045c   COMPRESSED   0x00000010   Data   RW         1306    .data.Res_46        menu.o
    0x2000046c   COMPRESSED   0x00000010   Data   RW         1307    .data.Res_47        menu.o
    0x2000047c   COMPRESSED   0x00000010   Data   RW         1308    .data.Res_48        menu.o
    0x2000048c   COMPRESSED   0x00000010   Data   RW         1309    .data.Res_49        menu.o
    0x2000049c   COMPRESSED   0x00000010   Data   RW         1266    .data.Res_5         menu.o
    0x200004ac   COMPRESSED   0x00000010   Data   RW         1310    .data.Res_50        menu.o
    0x200004bc   COMPRESSED   0x00000010   Data   RW         1311    .data.Res_51        menu.o
    0x200004cc   COMPRESSED   0x00000010   Data   RW         1312    .data.Res_52        menu.o
    0x200004dc   COMPRESSED   0x00000010   Data   RW         1313    .data.Res_53        menu.o
    0x200004ec   COMPRESSED   0x00000010   Data   RW         1314    .data.Res_54        menu.o
    0x200004fc   COMPRESSED   0x00000010   Data   RW         1315    .data.Res_55        menu.o
    0x2000050c   COMPRESSED   0x00000010   Data   RW         1316    .data.Res_56        menu.o
    0x2000051c   COMPRESSED   0x00000010   Data   RW         1317    .data.Res_57        menu.o
    0x2000052c   COMPRESSED   0x00000010   Data   RW         1318    .data.Res_58        menu.o
    0x2000053c   COMPRESSED   0x00000010   Data   RW         1267    .data.Res_6         menu.o
    0x2000054c   COMPRESSED   0x00000010   Data   RW         1268    .data.Res_7         menu.o
    0x2000055c   COMPRESSED   0x00000010   Data   RW         1269    .data.Res_8         menu.o
    0x2000056c   COMPRESSED   0x00000010   Data   RW         1270    .data.Res_9         menu.o
    0x2000057c   COMPRESSED   0x00000010   Data   RW         1333    .data.Res_Mod_1     menu.o
    0x2000058c   COMPRESSED   0x00000010   Data   RW         1334    .data.Res_Mod_2     menu.o
    0x2000059c   COMPRESSED   0x00000010   Data   RW         1335    .data.Res_Mod_3     menu.o
    0x200005ac   COMPRESSED   0x00000010   Data   RW         1342    .data.Right         menu.o
    0x200005bc   COMPRESSED   0x00000010   Data   RW         1337    .data.Save_Notic    menu.o
    0x200005cc   COMPRESSED   0x00000006   Data   RW         1141    .data.Stop_Accel_C  store_flash.o
    0x200005d2   COMPRESSED   0x00000006   Data   RW         1108    .data.Stop_Accel_D  store_flash.o
    0x200005d8   COMPRESSED   0x00000006   Data   RW         1172    .data.Stop_Accel_H  store_flash.o
    0x200005de   COMPRESSED   0x00000006   Data   RW         1203    .data.Stop_Accel_O  store_flash.o
    0x200005e4   COMPRESSED   0x00000006   Data   RW         1143    .data.Stop_Current_C  store_flash.o
    0x200005ea   COMPRESSED   0x00000006   Data   RW         1110    .data.Stop_Current_D  store_flash.o
    0x200005f0   COMPRESSED   0x00000006   Data   RW         1174    .data.Stop_Current_H  store_flash.o
    0x200005f6   COMPRESSED   0x00000006   Data   RW         1205    .data.Stop_Current_O  store_flash.o
    0x200005fc   COMPRESSED   0x00000001   Data   RW         1150    .data.Stop_Jerk_C   store_flash.o
    0x200005fd   COMPRESSED   0x00000001   Data   RW         1117    .data.Stop_Jerk_D   store_flash.o
    0x200005fe   COMPRESSED   0x00000001   Data   RW         1181    .data.Stop_Jerk_H   store_flash.o
    0x200005ff   COMPRESSED   0x00000001   Data   RW         1212    .data.Stop_Jerk_O   store_flash.o
    0x20000600   COMPRESSED   0x00000006   Data   RW         1144    .data.Stop_Position_C  store_flash.o
    0x20000606   COMPRESSED   0x00000006   Data   RW         1111    .data.Stop_Position_D  store_flash.o
    0x2000060c   COMPRESSED   0x00000006   Data   RW         1175    .data.Stop_Position_H  store_flash.o
    0x20000612   COMPRESSED   0x00000006   Data   RW         1206    .data.Stop_Position_O  store_flash.o
    0x20000618   COMPRESSED   0x00000004   Data   RW         1074    .data.SystemCoreClock  system_stm32g0xx.o
    0x2000061c   COMPRESSED   0x00000004   Data   RW           31    .data.addr          main.o
    0x20000620   COMPRESSED   0x00000001   Data   RW          850    .data.uwTickFreq    stm32g0xx_hal.o
    0x20000621   COMPRESSED   0x00000003   PAD
    0x20000624   COMPRESSED   0x00000004   Data   RW          849    .data.uwTickPrio    stm32g0xx_hal.o
    0x20000628        -       0x00000060   Zero   RW         1496    .bss                c_p.l(libspace.o)
    0x20000688        -       0x00000001   Zero   RW         1365    .bss.ADV1_NUM_Param  menu.o
    0x20000689        -       0x00000001   Zero   RW         1368    .bss.ADV2_NUM_Param  menu.o
    0x2000068a        -       0x00000001   Zero   RW         1374    .bss.Address_Value  menu.o
    0x2000068b        -       0x00000001   Zero   RW           32    .bss.Array_Flash_Counter  main.o
    0x2000068c        -       0x00000001   Zero   RW         1158    .bss.Buzzer_Activation_C  store_flash.o
    0x2000068d        -       0x00000001   Zero   RW         1125    .bss.Buzzer_Activation_D  store_flash.o
    0x2000068e        -       0x00000001   Zero   RW         1189    .bss.Buzzer_Activation_H  store_flash.o
    0x2000068f        -       0x00000001   Zero   RW         1220    .bss.Buzzer_Activation_O  store_flash.o
    0x20000690        -       0x00000001   Zero   RW          100    .bss.CRC_Value      main.o
    0x20000691        -       0x00000001   Zero   RW         1350    .bss.Change_Mode_Flag  menu.o
    0x20000692        -       0x00000001   Zero   RW           78    .bss.Change_State_LCD  main.o
    0x20000693        -       0x00000001   Zero   RW         1352    .bss.Change_State_Manual  menu.o
    0x20000694        -       0x00000001   Zero   RW         1148    .bss.Closing_Destination_C  store_flash.o
    0x20000695        -       0x00000001   Zero   RW         1115    .bss.Closing_Destination_D  store_flash.o
    0x20000696        -       0x00000001   Zero   RW         1179    .bss.Closing_Destination_H  store_flash.o
    0x20000697        -       0x00000001   Zero   RW         1128    .bss.Command_Source_Mode_D  store_flash.o
    0x20000698        -       0x000000ff   Zero   RW           93    .bss.Commercial_Flash_Array  main.o
    0x20000797        -       0x00000001   Zero   RW           84    .bss.Conter_Backlight  main.o
    0x20000798        -       0x00000001   Zero   RW           69    .bss.Counter_Back_to_Norm  main.o
    0x20000799        -       0x00000001   Zero   RW           63    .bss.Counter_Change_Value  main.o
    0x2000079a        -       0x00000001   Zero   RW           49    .bss.Counter_Devide_10  main.o
    0x2000079b   COMPRESSED   0x00000001   PAD
    0x2000079c        -       0x00000004   Zero   RW           56    .bss.Counter_Down_Key  main.o
    0x200007a0        -       0x00000004   Zero   RW           57    .bss.Counter_ENT_Key  main.o
    0x200007a4        -       0x00000001   Zero   RW           61    .bss.Counter_ESC_Key  main.o
    0x200007a5        -       0x00000001   Zero   RW           64    .bss.Counter_Key_Hold  main.o
    0x200007a6        -       0x00000001   Zero   RW           75    .bss.Counter_Lock_Pass  main.o
    0x200007a7        -       0x00000001   Zero   RW           80    .bss.Counter_Time_Screen_Saver  main.o
    0x200007a8        -       0x00000001   Zero   RW           68    .bss.Counter_Toggle_Sevensegment  main.o
    0x200007a9        -       0x00000001   Zero   RW           60    .bss.Counter_UP_Key  main.o
    0x200007aa        -       0x00000001   Zero   RW           83    .bss.Counter_Wating  main.o
    0x200007ab        -       0x000000ff   Zero   RW         1224    .bss.Default_Flash_Array  store_flash.o
    0x200008aa        -       0x00000001   Zero   RW         1160    .bss.Demo_C         store_flash.o
    0x200008ab        -       0x00000001   Zero   RW         1129    .bss.Demo_D         store_flash.o
    0x200008ac        -       0x00000001   Zero   RW         1191    .bss.Demo_H         store_flash.o
    0x200008ad        -       0x00000001   Zero   RW         1222    .bss.Demo_O         store_flash.o
    0x200008ae        -       0x00000001   Zero   RW         1130    .bss.Device_Mode_D  store_flash.o
    0x200008af        -       0x00000001   Zero   RW         1127    .bss.Door_Direction_D  store_flash.o
    0x200008b0        -       0x00000001   Zero   RW         1351    .bss.End_Page       menu.o
    0x200008b1   COMPRESSED   0x00000003   PAD
    0x200008b4        -       0x00000004   Zero   RW           55    .bss.Fault_Vector   main.o
    0x200008b8        -       0x00000001   Zero   RW         1364    .bss.Flag_ADV1      menu.o
    0x200008b9        -       0x00000001   Zero   RW         1367    .bss.Flag_ADV2      menu.o
    0x200008ba        -       0x00000001   Zero   RW         1356    .bss.Flag_Buzzer_Menu  menu.o
    0x200008bb        -       0x00000001   Zero   RW         1355    .bss.Flag_Command_Source_Menu  menu.o
    0x200008bc        -       0x00000001   Zero   RW         1362    .bss.Flag_Demo      menu.o
    0x200008bd        -       0x00000001   Zero   RW         1354    .bss.Flag_Door_Direction_Menu  menu.o
    0x200008be        -       0x00000001   Zero   RW         1357    .bss.Flag_KP_Detection_Time_Menu  menu.o
    0x200008bf        -       0x00000001   Zero   RW           76    .bss.Flag_Lock_Pass_Show  main.o
    0x200008c0        -       0x00000001   Zero   RW         1359    .bss.Flag_Motor_Nominal_Current_Menu  menu.o
    0x200008c1        -       0x00000001   Zero   RW         1361    .bss.Flag_Motor_Nominal_Speed_Menu  menu.o
    0x200008c2        -       0x00000001   Zero   RW         1360    .bss.Flag_Motor_Nominal_Voltage_Menu  menu.o
    0x200008c3        -       0x00000001   Zero   RW         1358    .bss.Flag_Motor_Pole_Number_Menu  menu.o
    0x200008c4        -       0x00000001   Zero   RW           81    .bss.Flag_Repeat_Off  main.o
    0x200008c5        -       0x00000001   Zero   RW           77    .bss.Flag_Screen_Saver  main.o
    0x200008c6        -       0x00000001   Zero   RW           82    .bss.Flag_System_Waitng  main.o
    0x200008c7        -       0x00000001   Zero   RW         1353    .bss.Flag_Tune_Mode_Menu  menu.o
    0x200008c8        -       0x000000ff   Zero   RW           94    .bss.Household_Flash_Array  main.o
    0x200009c7        -       0x00000001   Zero   RW         1331    .bss.ID_RES10_SAVE_PERMISSION  menu.o
    0x200009c8        -       0x00000001   Zero   RW         1332    .bss.ID_RES11_SAVE_PERMISSION  menu.o
    0x200009c9        -       0x00000001   Zero   RW         1322    .bss.ID_RES1_SAVE_PERMISSION  menu.o
    0x200009ca        -       0x00000001   Zero   RW         1323    .bss.ID_RES2_SAVE_PERMISSION  menu.o
    0x200009cb        -       0x00000001   Zero   RW         1324    .bss.ID_RES3_SAVE_PERMISSION  menu.o
    0x200009cc        -       0x00000001   Zero   RW         1325    .bss.ID_RES4_SAVE_PERMISSION  menu.o
    0x200009cd        -       0x00000001   Zero   RW         1326    .bss.ID_RES5_SAVE_PERMISSION  menu.o
    0x200009ce        -       0x00000001   Zero   RW         1327    .bss.ID_RES6_SAVE_PERMISSION  menu.o
    0x200009cf        -       0x00000001   Zero   RW         1328    .bss.ID_RES7_SAVE_PERMISSION  menu.o
    0x200009d0        -       0x00000001   Zero   RW         1329    .bss.ID_RES8_SAVE_PERMISSION  menu.o
    0x200009d1        -       0x00000001   Zero   RW         1330    .bss.ID_RES9_SAVE_PERMISSION  menu.o
    0x200009d2        -       0x00000001   Zero   RW         1425    .bss.LCD_Opts.0     lcd.o
    0x200009d3        -       0x00000001   Zero   RW         1426    .bss.LCD_Opts.3     lcd.o
    0x200009d4        -       0x00000001   Zero   RW         1427    .bss.LCD_Opts.4     lcd.o
    0x200009d5        -       0x00000001   Zero   RW           66    .bss.Lock_LCD       main.o
    0x200009d6        -       0x00000001   Zero   RW           46    .bss.Lock_System    main.o
    0x200009d7        -       0x00000001   Zero   RW           59    .bss.Manual_mode    main.o
    0x200009d8        -       0x00000001   Zero   RW           53    .bss.Menu_Down      main.o
    0x200009d9        -       0x00000001   Zero   RW           52    .bss.Menu_ENT       main.o
    0x200009da        -       0x00000001   Zero   RW           51    .bss.Menu_ESC       main.o
    0x200009db        -       0x00000001   Zero   RW           98    .bss.Menu_Reset     main.o
    0x200009dc        -       0x00000001   Zero   RW           54    .bss.Menu_Up        main.o
    0x200009dd        -       0x00000001   Zero   RW           45    .bss.Number_Repeat_Serial  main.o
    0x200009de        -       0x00000001   Zero   RW         1147    .bss.Opening_Destination_C  store_flash.o
    0x200009df        -       0x00000001   Zero   RW         1114    .bss.Opening_Destination_D  store_flash.o
    0x200009e0        -       0x00000001   Zero   RW         1178    .bss.Opening_Destination_H  store_flash.o
    0x200009e1   COMPRESSED   0x00000003   PAD
    0x200009e4        -       0x00000014   Zero   RW           90    .bss.PM_Menu        main.o
    0x200009f8        -       0x00000010   Zero   RW         1373    .bss.Pass_Field     menu.o
    0x20000a08        -       0x00000001   Zero   RW         1369    .bss.Password_Mode_Flag  menu.o
    0x20000a09        -       0x00000001   Zero   RW         1363    .bss.Read_ADV1      menu.o
    0x20000a0a        -       0x00000001   Zero   RW         1366    .bss.Read_ADV2      menu.o
    0x20000a0b        -       0x000000ff   Zero   RW           95    .bss.Read_Array_Flash  main.o
    0x20000b0a   COMPRESSED   0x00000002   PAD
    0x20000b0c        -       0x00000010   Zero   RW         1375    .bss.Read_Array_Flash_Res  menu.o
    0x20000b1c        -       0x00000001   Zero   RW           44    .bss.Repeat_Time    main.o
    0x20000b1d        -       0x00000001   Zero   RW           50    .bss.Repeat_time_Serial  main.o
    0x20000b1e        -       0x00000001   Zero   RW         1372    .bss.Reset_Menu     menu.o
    0x20000b1f        -       0x00000001   Zero   RW           79    .bss.Screen_Number  main.o
    0x20000b20        -       0x0000000b   Zero   RW           91    .bss.Seial_Repeat_arr_frame  main.o
    0x20000b2b        -       0x00000001   Zero   RW           42    .bss.Serial_Available  main.o
    0x20000b2c        -       0x00000001   Zero   RW           43    .bss.Serial_Repeat  main.o
    0x20000b2d   COMPRESSED   0x00000003   PAD
    0x20000b30        -       0x00000004   Zero   RW           97    .bss.Show_Variable  main.o
    0x20000b34        -       0x00000001   Zero   RW         1370    .bss.Step_Pass      menu.o
    0x20000b35        -       0x00000001   Zero   RW           62    .bss.Step_Speed     main.o
    0x20000b36        -       0x00000006   Zero   RW         1142    .bss.Stop_Speed_C   store_flash.o
    0x20000b3c        -       0x00000006   Zero   RW         1109    .bss.Stop_Speed_D   store_flash.o
    0x20000b42        -       0x00000006   Zero   RW         1173    .bss.Stop_Speed_H   store_flash.o
    0x20000b48        -       0x00000006   Zero   RW         1204    .bss.Stop_Speed_O   store_flash.o
    0x20000b4e        -       0x00000001   Zero   RW         1348    .bss.Sub_Page       menu.o
    0x20000b4f        -       0x00000001   Zero   RW           67    .bss.Toggle_Sevensegment  main.o
    0x20000b50        -       0x00000001   Zero   RW           47    .bss.Transmision_Flag  main.o
    0x20000b51        -       0x00000001   Zero   RW           70    .bss.Tune_Mode      main.o
    0x20000b52        -       0x00000001   Zero   RW         1159    .bss.Tune_Mode_Flash_C  store_flash.o
    0x20000b53        -       0x00000001   Zero   RW         1126    .bss.Tune_Mode_Flash_D  store_flash.o
    0x20000b54        -       0x00000001   Zero   RW         1190    .bss.Tune_Mode_Flash_H  store_flash.o
    0x20000b55        -       0x00000001   Zero   RW         1221    .bss.Tune_Mode_Flash_O  store_flash.o
    0x20000b56   COMPRESSED   0x00000002   PAD
    0x20000b58        -       0x00000004   Zero   RW         1349    .bss.Value          menu.o
    0x20000b5c        -       0x00000001   Zero   RW           86    .bss.Value_Res1     main.o
    0x20000b5d   COMPRESSED   0x00000003   PAD
    0x20000b60        -       0x0000000b   Zero   RW           85    .bss.arr_frame      main.o
    0x20000b6b        -       0x00000001   Zero   RW           34    .bss.block_Counter_frame  main.o
    0x20000b6c        -       0x00000001   Zero   RW           92    .bss.byte           main.o
    0x20000b6d        -       0x00000001   Zero   RW         1371    .bss.check_Pass     menu.o
    0x20000b6e   COMPRESSED   0x00000002   PAD
    0x20000b70        -       0x00000004   Zero   RW           33    .bss.frame_counter  main.o
    0x20000b74        -       0x0000004c   Zero   RW           89    .bss.htim1          main.o
    0x20000bc0        -       0x0000004c   Zero   RW           88    .bss.htim14         main.o
    0x20000c0c        -       0x00000094   Zero   RW           87    .bss.huart1         main.o
    0x20000ca0        -       0x0000001c   Zero   RW          567    .bss.pFlash         stm32g0xx_hal_flash.o
    0x20000cbc        -       0x00000001   Zero   RW         1377    .bss.setting        menu.o
    0x20000cbd   COMPRESSED   0x00000003   PAD
    0x20000cc0        -       0x00000004   Zero   RW          851    .bss.uwTick         stm32g0xx_hal.o
    0x20000cc4   COMPRESSED   0x00000004   PAD
    0x20000cc8        -       0x00000200   Zero   RW            2    HEAP                startup_stm32g030xx.o
    0x20000ec8        -       0x00000400   Zero   RW            1    STACK               startup_stm32g030xx.o


==============================================================================

Image component sizes


      Code (inc. data)   RO Data    RW Data    ZI Data      Debug   Object Name

       950         24          4          0          3      10571   lcd.o
      4296        998        255        272       1166      16335   main.o
     11480       1706         17        961         73      21960   menu.o
        56         26        192          0       1536        660   startup_stm32g030xx.o
       180         20          0          5          4       6686   stm32g0xx_hal.o
       164         32          0          0          0       6870   stm32g0xx_hal_cortex.o
       224          8          0          0          0       8960   stm32g0xx_hal_dma.o
       732         36          0          0         28       9100   stm32g0xx_hal_flash.o
       180         12          0          0          0       5598   stm32g0xx_hal_flash_ex.o
       472         24          0          0          0       4750   stm32g0xx_hal_gpio.o
       272         20          0          0          0       8587   stm32g0xx_hal_msp.o
       152         12          0          0          0       5196   stm32g0xx_hal_pwr_ex.o
      1732         84          0          0          0       9241   stm32g0xx_hal_rcc.o
       356         16          0          0          0       5973   stm32g0xx_hal_rcc_ex.o
      1124         40          0          0          0      67624   stm32g0xx_hal_tim.o
        94          0          0          0          0      26021   stm32g0xx_hal_tim_ex.o
      4302        128         24          0          0      47468   stm32g0xx_hal_uart.o
       308          8         16          0          0      11860   stm32g0xx_hal_uart_ex.o
        78          4          0          0          0       2191   stm32g0xx_it.o
      2604        532          0        322        300       9229   store_flash.o
         2          0         96          4          0       1994   system_stm32g0xx.o

    ----------------------------------------------------------------------
     29780       3730        636       1576       3136     286874   Object Totals
         0          0         32          0          0          0   (incl. Generated)
        22          0          0         12         26          0   (incl. Padding)

    ----------------------------------------------------------------------

      Code (inc. data)   RO Data    RW Data    ZI Data      Debug   Library Member Name

        86          0          0          0          0          0   __dczerorl2.o
         8          0          0          0          0         68   __main.o
         0          0          0          0          0          0   __rtentry.o
        12          0          0          0          0          0   __rtentry2.o
         6          0          0          0          0          0   __rtentry4.o
        60          8          0          0          0          0   __scatter.o
        28          0          0          0          0          0   __scatter_zi.o
      1006          4          0          0          0        184   aeabi_sdivfast.o
        16          0          0          0          0         68   exit.o
         6          0          0          0          0        136   heapauxi.o
         0          0          0          0          0          0   indicate_semi.o
         2          0          0          0          0          0   libinit.o
         2          0          0          0          0          0   libinit2.o
         2          0          0          0          0          0   libshutdown.o
         2          0          0          0          0          0   libshutdown2.o
         8          4          0          0         96         68   libspace.o
        64          0          0          0          0        108   rt_memclr.o
       186          0          0          0          0        144   rt_memcpy.o
         2          0          0          0          0          0   rtexit.o
        10          0          0          0          0          0   rtexit2.o
        68          6          0          0          0         72   strlen.o
        12          4          0          0          0         60   sys_exit.o
        62          0          0          0          0         80   sys_stackheap_outer.o
         2          0          0          0          0         68   use_no_semi.o

    ----------------------------------------------------------------------
      1656         26          0          0         96       1056   Library Totals
         6          0          0          0          0          0   (incl. Padding)

    ----------------------------------------------------------------------

      Code (inc. data)   RO Data    RW Data    ZI Data      Debug   Library Name

      1650         26          0          0         96       1056   c_p.l

    ----------------------------------------------------------------------
      1656         26          0          0         96       1056   Library Totals

    ----------------------------------------------------------------------

==============================================================================


      Code (inc. data)   RO Data    RW Data    ZI Data      Debug   

     31436       3756        636       1576       3232     287174   Grand Totals
     31436       3756        636        680       3232     287174   ELF Image Totals (compressed)
     31436       3756        636        680          0          0   ROM Totals

==============================================================================

    Total RO  Size (Code + RO Data)                32072 (  31.32kB)
    Total RW  Size (RW Data + ZI Data)              4808 (   4.70kB)
    Total ROM Size (Code + RO Data + RW Data)      32752 (  31.98kB)

==============================================================================

